Component: ARM Compiler 5.06 update 6 (build 750) Tool: armlink [4d35ed]

==============================================================================

Section Cross References

    startup_stm32f429xx.o(RESET) refers to startup_stm32f429xx.o(STACK) for __initial_sp
    startup_stm32f429xx.o(RESET) refers to startup_stm32f429xx.o(.text) for Reset_Handler
    startup_stm32f429xx.o(RESET) refers to stm32f4xx_it.o(i.NMI_Handler) for NMI_Handler
    startup_stm32f429xx.o(RESET) refers to stm32f4xx_it.o(i.HardFault_Handler) for HardFault_Handler
    startup_stm32f429xx.o(RESET) refers to stm32f4xx_it.o(i.MemManage_Handler) for MemManage_Handler
    startup_stm32f429xx.o(RESET) refers to stm32f4xx_it.o(i.BusFault_Handler) for BusFault_Handler
    startup_stm32f429xx.o(RESET) refers to stm32f4xx_it.o(i.UsageFault_Handler) for UsageFault_Handler
    startup_stm32f429xx.o(RESET) refers to stm32f4xx_it.o(i.SVC_Handler) for SVC_Handler
    startup_stm32f429xx.o(RESET) refers to stm32f4xx_it.o(i.DebugMon_Handler) for DebugMon_Handler
    startup_stm32f429xx.o(RESET) refers to stm32f4xx_it.o(i.PendSV_Handler) for PendSV_Handler
    startup_stm32f429xx.o(RESET) refers to stm32f4xx_it.o(i.SysTick_Handler) for SysTick_Handler
    startup_stm32f429xx.o(RESET) refers to key.o(i.EXTI2_IRQHandler) for EXTI2_IRQHandler
    startup_stm32f429xx.o(RESET) refers to tfmini.o(i.DMA1_Stream1_IRQHandler) for DMA1_Stream1_IRQHandler
    startup_stm32f429xx.o(RESET) refers to tfmini.o(i.DMA1_Stream5_IRQHandler) for DMA1_Stream5_IRQHandler
    startup_stm32f429xx.o(RESET) refers to control.o(i.TIM3_IRQHandler) for TIM3_IRQHandler
    startup_stm32f429xx.o(RESET) refers to usart.o(i.USART1_IRQHandler) for USART1_IRQHandler
    startup_stm32f429xx.o(RESET) refers to tfmini.o(i.USART2_IRQHandler) for USART2_IRQHandler
    startup_stm32f429xx.o(RESET) refers to tfmini.o(i.USART3_IRQHandler) for USART3_IRQHandler
    startup_stm32f429xx.o(RESET) refers to key.o(i.EXTI15_10_IRQHandler) for EXTI15_10_IRQHandler
    startup_stm32f429xx.o(RESET) refers to motor.o(i.TIM6_DAC_IRQHandler) for TIM6_DAC_IRQHandler
    startup_stm32f429xx.o(RESET) refers to usart.o(i.USART6_IRQHandler) for USART6_IRQHandler
    startup_stm32f429xx.o(.text) refers to entry.o(.ARM.Collect$$$$00000000) for __main
    system_stm32f4xx.o(i.SystemCoreClockUpdate) refers to system_stm32f4xx.o(.data) for SystemCoreClock
    system_stm32f4xx.o(i.SystemInit) refers to system_stm32f4xx.o(i.SetSysClock) for SetSysClock
    stm32f4xx_adc.o(i.ADC_DeInit) refers to stm32f4xx_rcc.o(i.RCC_APB2PeriphResetCmd) for RCC_APB2PeriphResetCmd
    stm32f4xx_can.o(i.CAN_DeInit) refers to stm32f4xx_rcc.o(i.RCC_APB1PeriphResetCmd) for RCC_APB1PeriphResetCmd
    stm32f4xx_can.o(i.CAN_GetITStatus) refers to stm32f4xx_can.o(i.CheckITStatus) for CheckITStatus
    stm32f4xx_flash.o(i.FLASH_EraseAllBank1Sectors) refers to stm32f4xx_flash.o(i.FLASH_WaitForLastOperation) for FLASH_WaitForLastOperation
    stm32f4xx_flash.o(i.FLASH_EraseAllBank2Sectors) refers to stm32f4xx_flash.o(i.FLASH_WaitForLastOperation) for FLASH_WaitForLastOperation
    stm32f4xx_flash.o(i.FLASH_EraseAllSectors) refers to stm32f4xx_flash.o(i.FLASH_WaitForLastOperation) for FLASH_WaitForLastOperation
    stm32f4xx_flash.o(i.FLASH_EraseSector) refers to stm32f4xx_flash.o(i.FLASH_WaitForLastOperation) for FLASH_WaitForLastOperation
    stm32f4xx_flash.o(i.FLASH_OB_Launch) refers to stm32f4xx_flash.o(i.FLASH_WaitForLastOperation) for FLASH_WaitForLastOperation
    stm32f4xx_flash.o(i.FLASH_OB_PCROP1Config) refers to stm32f4xx_flash.o(i.FLASH_WaitForLastOperation) for FLASH_WaitForLastOperation
    stm32f4xx_flash.o(i.FLASH_OB_PCROPConfig) refers to stm32f4xx_flash.o(i.FLASH_WaitForLastOperation) for FLASH_WaitForLastOperation
    stm32f4xx_flash.o(i.FLASH_OB_RDPConfig) refers to stm32f4xx_flash.o(i.FLASH_WaitForLastOperation) for FLASH_WaitForLastOperation
    stm32f4xx_flash.o(i.FLASH_OB_UserConfig) refers to stm32f4xx_flash.o(i.FLASH_WaitForLastOperation) for FLASH_WaitForLastOperation
    stm32f4xx_flash.o(i.FLASH_OB_WRP1Config) refers to stm32f4xx_flash.o(i.FLASH_WaitForLastOperation) for FLASH_WaitForLastOperation
    stm32f4xx_flash.o(i.FLASH_OB_WRPConfig) refers to stm32f4xx_flash.o(i.FLASH_WaitForLastOperation) for FLASH_WaitForLastOperation
    stm32f4xx_flash.o(i.FLASH_ProgramByte) refers to stm32f4xx_flash.o(i.FLASH_WaitForLastOperation) for FLASH_WaitForLastOperation
    stm32f4xx_flash.o(i.FLASH_ProgramDoubleWord) refers to stm32f4xx_flash.o(i.FLASH_WaitForLastOperation) for FLASH_WaitForLastOperation
    stm32f4xx_flash.o(i.FLASH_ProgramHalfWord) refers to stm32f4xx_flash.o(i.FLASH_WaitForLastOperation) for FLASH_WaitForLastOperation
    stm32f4xx_flash.o(i.FLASH_ProgramWord) refers to stm32f4xx_flash.o(i.FLASH_WaitForLastOperation) for FLASH_WaitForLastOperation
    stm32f4xx_flash.o(i.FLASH_WaitForLastOperation) refers to stm32f4xx_flash.o(i.FLASH_GetStatus) for FLASH_GetStatus
[...]
    ../mathlib/acos.c                        0x00000000   Number         0  acos_x.o ABSOLUTE
    ../mathlib/acosf.c                       0x00000000   Number         0  acosf_x.o ABSOLUTE
    ../mathlib/acosf.c                       0x00000000   Number         0  acosf.o ABSOLUTE
    ../mathlib/asin.c                        0x00000000   Number         0  asin.o ABSOLUTE
    ../mathlib/asin.c                        0x00000000   Number         0  asin_x.o ABSOLUTE
    ../mathlib/asinf.c                       0x00000000   Number         0  asinf.o ABSOLUTE
    ../mathlib/asinf.c                       0x00000000   Number         0  asinf_x.o ABSOLUTE
    ../mathlib/atan.c                        0x00000000   Number         0  atan.o ABSOLUTE
    ../mathlib/atan.c                        0x00000000   Number         0  atan_x.o ABSOLUTE
    ../mathlib/atan2.c                       0x00000000   Number         0  atan2_x.o ABSOLUTE
    ../mathlib/atan2.c                       0x00000000   Number         0  atan2.o ABSOLUTE
    ../mathlib/atan2f.c                      0x00000000   Number         0  atan2f_x.o ABSOLUTE
    ../mathlib/atan2f.c                      0x00000000   Number         0  atan2f.o ABSOLUTE
    ../mathlib/ceil.c                        0x00000000   Number         0  ceil.o ABSOLUTE
    ../mathlib/cos.c                         0x00000000   Number         0  cos_x.o ABSOLUTE
    ../mathlib/cos.c                         0x00000000   Number         0  cos.o ABSOLUTE
    ../mathlib/cos_i.c                       0x00000000   Number         0  cos_i.o ABSOLUTE
    ../mathlib/cosf.c                        0x00000000   Number         0  cosf.o ABSOLUTE
    ../mathlib/cosf.c                        0x00000000   Number         0  cosf_x.o ABSOLUTE
    ../mathlib/dunder.c                      0x00000000   Number         0  dunder.o ABSOLUTE
    ../mathlib/fabs.c                        0x00000000   Number         0  fabs.o ABSOLUTE
    ../mathlib/floor.c                       0x00000000   Number         0  floor.o ABSOLUTE
    ../mathlib/fpclassify.c                  0x00000000   Number         0  fpclassify.o ABSOLUTE
    ../mathlib/fpclassifyf.c                 0x00000000   Number         0  fpclassifyf.o ABSOLUTE
    ../mathlib/funder.c                      0x00000000   Number         0  funder.o ABSOLUTE
    ../mathlib/log.c                         0x00000000   Number         0  log.o ABSOLUTE
    ../mathlib/log.c                         0x00000000   Number         0  log_x.o ABSOLUTE
    ../mathlib/poly.c                        0x00000000   Number         0  poly.o ABSOLUTE
    ../mathlib/pow.c                         0x00000000   Number         0  pow_x.o ABSOLUTE
    ../mathlib/pow.c                         0x00000000   Number         0  pow.o ABSOLUTE
    ../mathlib/qnan.c                        0x00000000   Number         0  qnan.o ABSOLUTE
    ../mathlib/rred.c                        0x00000000   Number         0  rred.o ABSOLUTE
    ../mathlib/rredf.c                       0x00000000   Number         0  rredf.o ABSOLUTE
    ../mathlib/sin.c                         0x00000000   Number         0  sin.o ABSOLUTE
    ../mathlib/sin.c                         0x00000000   Number         0  sin_x.o ABSOLUTE
    ../mathlib/sin_i.c                       0x00000000   Number         0  sin_i.o ABSOLUTE
    ../mathlib/sin_i.c                       0x00000000   Number         0  sin_i_x.o ABSOLUTE
    ../mathlib/sinf.c                        0x00000000   Number         0  sinf.o ABSOLUTE
    ../mathlib/sinf.c                        0x00000000   Number         0  sinf_x.o ABSOLUTE
    ../mathlib/sqrt.c                        0x00000000   Number         0  sqrt.o ABSOLUTE
    ../mathlib/sqrt.c                        0x00000000   Number         0  sqrt_x.o ABSOLUTE
    ../mathlib/sqrtf.c                       0x00000000   Number         0  sqrtf.o ABSOLUTE
    ../mathlib/sqrtf.c                       0x00000000   Number         0  sqrtf_x.o ABSOLUTE
    ..\HARDWARE\24CXX\myiic.c                0x00000000   Number         0  myiic.o ABSOLUTE
    ..\HARDWARE\BREEZE\breeze.c              0x00000000   Number         0  breeze.o ABSOLUTE
    ..\HARDWARE\ENCODER\encoder.c            0x00000000   Number         0  encoder.o ABSOLUTE
    ..\HARDWARE\KEY\key.c                    0x00000000   Number         0  key.o ABSOLUTE
    ..\HARDWARE\LED\led.c                    0x00000000   Number         0  led.o ABSOLUTE
    ..\HARDWARE\MOTOR\motor.c                0x00000000   Number         0  motor.o ABSOLUTE
    ..\HARDWARE\MPU9250\MPL\driver\eMPL\inv_mpu.c 0x00000000   Number         0  inv_mpu.o ABSOLUTE
    ..\HARDWARE\MPU9250\MPL\driver\eMPL\inv_mpu_dmp_motion_driver.c 0x00000000   Number         0  inv_mpu_dmp_motion_driver.o ABSOLUTE
    ..\HARDWARE\MPU9250\MPL\driver\stm32L\log_stm32.c 0x00000000   Number         0  log_stm32.o ABSOLUTE
    ..\HARDWARE\MPU9250\MPL\eMPL-hal\eMPL_outputs.c 0x00000000   Number         0  empl_outputs.o ABSOLUTE
    ..\HARDWARE\MPU9250\MPL\mllite\data_builder.c 0x00000000   Number         0  data_builder.o ABSOLUTE
    ..\HARDWARE\MPU9250\MPL\mllite\hal_outputs.c 0x00000000   Number         0  hal_outputs.o ABSOLUTE
    ..\HARDWARE\MPU9250\MPL\mllite\message_layer.c 0x00000000   Number         0  message_layer.o ABSOLUTE
    ..\HARDWARE\MPU9250\MPL\mllite\ml_math_func.c 0x00000000   Number         0  ml_math_func.o ABSOLUTE
    ..\HARDWARE\MPU9250\MPL\mllite\mlmath.c  0x00000000   Number         0  mlmath.o ABSOLUTE
    ..\HARDWARE\MPU9250\MPL\mllite\mpl.c     0x00000000   Number         0  mpl.o ABSOLUTE
    ..\HARDWARE\MPU9250\MPL\mllite\results_holder.c 0x00000000   Number         0  results_holder.o ABSOLUTE
    ..\HARDWARE\MPU9250\MPL\mllite\start_manager.c 0x00000000   Number         0  start_manager.o ABSOLUTE
    ..\HARDWARE\MPU9250\MPL\mllite\storage_manager.c 0x00000000   Number         0  storage_manager.o ABSOLUTE
    ..\HARDWARE\MPU9250\mpu9250.c            0x00000000   Number         0  mpu9250.o ABSOLUTE
    ..\HARDWARE\OLED\oled.c                  0x00000000   Number         0  oled.o ABSOLUTE
    ..\HARDWARE\PLAY\play.c                  0x00000000   Number         0  play.o ABSOLUTE
    ..\HARDWARE\SDRAM\sdram.c                0x00000000   Number         0  sdram.o ABSOLUTE
    ..\HARDWARE\SERVO\servo.c                0x00000000   Number         0  servo.o ABSOLUTE
    ..\HARDWARE\TFminiPlus\tfmini.c          0x00000000   Number         0  tfmini.o ABSOLUTE
    ..\HARDWARE\TIMER\timer.c                0x00000000   Number         0  timer.o ABSOLUTE
    ..\LIBRARIES\CMSIS\Device\ST\STM32F4xx\Source\Templates\system_stm32f4xx.c 0x00000000   Number         0  system_stm32f4xx.o ABSOLUTE
    ..\LIBRARIES\STM32F4xx_StdPeriph_Driver\src\misc.c 0x00000000   Number         0  misc.o ABSOLUTE
    ..\LIBRARIES\STM32F4xx_StdPeriph_Driver\src\stm32f4xx_adc.c 0x00000000   Number         0  stm32f4xx_adc.o ABSOLUTE
    ..\LIBRARIES\STM32F4xx_StdPeriph_Driver\src\stm32f4xx_can.c 0x00000000   Number         0  stm32f4xx_can.o ABSOLUTE
    ..\LIBRARIES\STM32F4xx_StdPeriph_Driver\src\stm32f4xx_dma.c 0x00000000   Number         0  stm32f4xx_dma.o ABSOLUTE
    ..\LIBRARIES\STM32F4xx_StdPeriph_Driver\src\stm32f4xx_exti.c 0x00000000   Number         0  stm32f4xx_exti.o ABSOLUTE
    ..\LIBRARIES\STM32F4xx_StdPeriph_Driver\src\stm32f4xx_flash.c 0x00000000   Number         0  stm32f4xx_flash.o ABSOLUTE
    ..\LIBRARIES\STM32F4xx_StdPeriph_Driver\src\stm32f4xx_fmc.c 0x00000000   Number         0  stm32f4xx_fmc.o ABSOLUTE
    ..\LIBRARIES\STM32F4xx_StdPeriph_Driver\src\stm32f4xx_gpio.c 0x00000000   Number         0  stm32f4xx_gpio.o ABSOLUTE
    ..\LIBRARIES\STM32F4xx_StdPeriph_Driver\src\stm32f4xx_i2c.c 0x00000000   Number         0  stm32f4xx_i2c.o ABSOLUTE
    ..\LIBRARIES\STM32F4xx_StdPeriph_Driver\src\stm32f4xx_rcc.c 0x00000000   Number         0  stm32f4xx_rcc.o ABSOLUTE
    ..\LIBRARIES\STM32F4xx_StdPeriph_Driver\src\stm32f4xx_rtc.c 0x00000000   Number         0  stm32f4xx_rtc.o ABSOLUTE
    ..\LIBRARIES\STM32F4xx_StdPeriph_Driver\src\stm32f4xx_syscfg.c 0x00000000   Number         0  stm32f4xx_syscfg.o ABSOLUTE
    ..\LIBRARIES\STM32F4xx_StdPeriph_Driver\src\stm32f4xx_tim.c 0x00000000   Number         0  stm32f4xx_tim.o ABSOLUTE
    ..\LIBRARIES\STM32F4xx_StdPeriph_Driver\src\stm32f4xx_usart.c 0x00000000   Number         0  stm32f4xx_usart.o ABSOLUTE
    ..\SYSTEM\analyse\analyse.c              0x00000000   Number         0  analyse.o ABSOLUTE
    ..\SYSTEM\control\control.c              0x00000000   Number         0  control.o ABSOLUTE
    ..\SYSTEM\delay\delay.c                  0x00000000   Number         0  delay.o ABSOLUTE
    ..\SYSTEM\i2c\i2c.c                      0x00000000   Number         0  i2c.o ABSOLUTE
    ..\SYSTEM\sys\sys.c                      0x00000000   Number         0  sys.o ABSOLUTE
    ..\SYSTEM\usart\usart.c                  0x00000000   Number         0  usart.o ABSOLUTE
    ..\\HARDWARE\\24CXX\\myiic.c             0x00000000   Number         0  myiic.o ABSOLUTE
    ..\\HARDWARE\\BREEZE\\breeze.c           0x00000000   Number         0  breeze.o ABSOLUTE
    ..\\HARDWARE\\ENCODER\\encoder.c         0x00000000   Number         0  encoder.o ABSOLUTE
    ..\\HARDWARE\\KEY\\key.c                 0x00000000   Number         0  key.o ABSOLUTE
    ..\\HARDWARE\\LED\\led.c                 0x00000000   Number         0  led.o ABSOLUTE
    ..\\HARDWARE\\MOTOR\\motor.c             0x00000000   Number         0  motor.o ABSOLUTE
    ..\\HARDWARE\\MPU9250\\MPL\\driver\\eMPL\\inv_mpu.c 0x00000000   Number         0  inv_mpu.o ABSOLUTE
    ..\\HARDWARE\\MPU9250\\MPL\\driver\\eMPL\\inv_mpu_dmp_motion_driver.c 0x00000000   Number         0  inv_mpu_dmp_motion_driver.o ABSOLUTE
    ..\\HARDWARE\\MPU9250\\MPL\\driver\\stm32L\\log_stm32.c 0x00000000   Number         0  log_stm32.o ABSOLUTE
    ..\\HARDWARE\\MPU9250\\mpu9250.c         0x00000000   Number         0  mpu9250.o ABSOLUTE
    ..\\HARDWARE\\OLED\\oled.c               0x00000000   Number         0  oled.o ABSOLUTE
    ..\\HARDWARE\\PLAY\\play.c               0x00000000   Number         0  play.o ABSOLUTE
    ..\\HARDWARE\\SDRAM\\sdram.c             0x00000000   Number         0  sdram.o ABSOLUTE
    ..\\HARDWARE\\SERVO\\servo.c             0x00000000   Number         0  servo.o ABSOLUTE
    ..\\HARDWARE\\TFminiPlus\\tfmini.c       0x00000000   Number         0  tfmini.o ABSOLUTE
    ..\\LIBRARIES\\CMSIS\\Device\\ST\\STM32F4xx\\Source\\Templates\\system_stm32f4xx.c 0x00000000   Number         0  system_stm32f4xx.o ABSOLUTE
    ..\\LIBRARIES\\STM32F4xx_StdPeriph_Driver\\src\\misc.c 0x00000000   Number         0  misc.o ABSOLUTE
    ..\\LIBRARIES\\STM32F4xx_StdPeriph_Driver\\src\\stm32f4xx_adc.c 0x00000000   Number         0  stm32f4xx_adc.o ABSOLUTE
    ..\\LIBRARIES\\STM32F4xx_StdPeriph_Driver\\src\\stm32f4xx_can.c 0x00000000   Number         0  stm32f4xx_can.o ABSOLUTE
    ..\\LIBRARIES\\STM32F4xx_StdPeriph_Driver\\src\\stm32f4xx_dma.c 0x00000000   Number         0  stm32f4xx_dma.o ABSOLUTE
    ..\\LIBRARIES\\STM32F4xx_StdPeriph_Driver\\src\\stm32f4xx_exti.c 0x00000000   Number         0  stm32f4xx_exti.o ABSOLUTE
    ..\\LIBRARIES\\STM32F4xx_StdPeriph_Driver\\src\\stm32f4xx_flash.c 0x00000000   Number         0  stm32f4xx_flash.o ABSOLUTE
    ..\\LIBRARIES\\STM32F4xx_StdPeriph_Driver\\src\\stm32f4xx_fmc.c 0x00000000   Number         0  stm32f4xx_fmc.o ABSOLUTE
    ..\\LIBRARIES\\STM32F4xx_StdPeriph_Driver\\src\\stm32f4xx_gpio.c 0x00000000   Number         0  stm32f4xx_gpio.o ABSOLUTE
    ..\\LIBRARIES\\STM32F4xx_StdPeriph_Driver\\src\\stm32f4xx_i2c.c 0x00000000   Number         0  stm32f4xx_i2c.o ABSOLUTE
    ..\\LIBRARIES\\STM32F4xx_StdPeriph_Driver\\src\\stm32f4xx_rcc.c 0x00000000   Number         0  stm32f4xx_rcc.o ABSOLUTE
    ..\\LIBRARIES\\STM32F4xx_StdPeriph_Driver\\src\\stm32f4xx_rtc.c 0x00000000   Number         0  stm32f4xx_rtc.o ABSOLUTE
    ..\\LIBRARIES\\STM32F4xx_StdPeriph_Driver\\src\\stm32f4xx_syscfg.c 0x00000000   Number         0  stm32f4xx_syscfg.o ABSOLUTE
    ..\\LIBRARIES\\STM32F4xx_StdPeriph_Driver\\src\\stm32f4xx_tim.c 0x00000000   Number         0  stm32f4xx_tim.o ABSOLUTE
    ..\\LIBRARIES\\STM32F4xx_StdPeriph_Driver\\src\\stm32f4xx_usart.c 0x00000000   Number         0  stm32f4xx_usart.o ABSOLUTE
    ..\\SYSTEM\\analyse\\analyse.c           0x00000000   Number         0  analyse.o ABSOLUTE
    ..\\SYSTEM\\control\\control.c           0x00000000   Number         0  control.o ABSOLUTE
    ..\\SYSTEM\\delay\\delay.c               0x00000000   Number         0  delay.o ABSOLUTE
    ..\\SYSTEM\\i2c\\i2c.c                   0x00000000   Number         0  i2c.o ABSOLUTE
    ..\\SYSTEM\\sys\\sys.c                   0x00000000   Number         0  sys.o ABSOLUTE
    ..\\SYSTEM\\usart\\usart.c               0x00000000   Number         0  usart.o ABSOLUTE
    MPL_LIB\mpl\accel_auto_cal.c             0x00000000   Number         0  accel_auto_cal.o ABSOLUTE
    MPL_LIB\mpl\compass_vec_cal.c            0x00000000   Number         0  compass_vec_cal.o ABSOLUTE
    MPL_LIB\mpl\fast_no_motion.c             0x00000000   Number         0  fast_no_motion.o ABSOLUTE
    MPL_LIB\mpl\fusion_9axis.c               0x00000000   Number         0  fusion_9axis.o ABSOLUTE
    MPL_LIB\mpl\gyro_tc.c                    0x00000000   Number         0  gyro_tc.o ABSOLUTE
    MPL_LIB\mpl\mag_disturb.c                0x00000000   Number         0  mag_disturb.o ABSOLUTE
    MPL_LIB\mpl\quaternion_supervisor.c      0x00000000   Number         0  quaternion_supervisor.o ABSOLUTE
    cdcmple.s                                0x00000000   Number         0  cdcmple.o ABSOLUTE
    cdrcmple.s                               0x00000000   Number         0  cdrcmple.o ABSOLUTE
    dc.s                                     0x00000000   Number         0  dc.o ABSOLUTE
    handlers.s                               0x00000000   Number         0  handlers.o ABSOLUTE
    init.s                                   0x00000000   Number         0  init.o ABSOLUTE
    main.c                                   0x00000000   Number         0  main.o ABSOLUTE
    main.c                                   0x00000000   Number         0  main.o ABSOLUTE
    startup_stm32f429xx.s                    0x00000000   Number         0  startup_stm32f429xx.o ABSOLUTE
    stm32f4xx_it.c                           0x00000000   Number         0  stm32f4xx_it.o ABSOLUTE
    stm32f4xx_it.c                           0x00000000   Number         0  stm32f4xx_it.o ABSOLUTE
    RESET                                    0x08000000   Section      428  startup_stm32f429xx.o(RESET)
    .ARM.Collect$$$$00000000                 0x080001ac   Section        0  entry.o(.ARM.Collect$$$$00000000)
    .ARM.Collect$$$$00000001                 0x080001ac   Section        4  entry2.o(.ARM.Collect$$$$00000001)
    .ARM.Collect$$$$00000004                 0x080001b0   Section        4  entry5.o(.ARM.Collect$$$$00000004)
    .ARM.Collect$$$$00000008                 0x080001b4   Section        0  entry7b.o(.ARM.Collect$$$$00000008)
    .ARM.Collect$$$$0000000A                 0x080001b4   Section        0  entry8b.o(.ARM.Collect$$$$0000000A)
    .ARM.Collect$$$$0000000B                 0x080001b4   Section        8  entry9a.o(.ARM.Collect$$$$0000000B)
    .ARM.Collect$$$$0000000D                 0x080001bc   Section        0  entry10a.o(.ARM.Collect$$$$0000000D)
    .ARM.Collect$$$$0000000F                 0x080001bc   Section        0  entry11a.o(.ARM.Collect$$$$0000000F)
    .ARM.Collect$$$$00002712                 0x080001bc   Section        4  entry2.o(.ARM.Collect$$$$00002712)
    __lit__00000000                          0x080001bc   Data           4  entry2.o(.ARM.Collect$$$$00002712)
    .text                                    0x080001c0   Section       44  startup_stm32f429xx.o(.text)
    $v0                                      0x080001c0   Number         0  startup_stm32f429xx.o(.text)
    .text                                    0x080001ec   Section        0  llshl.o(.text)
    .text                                    0x0800020a   Section        0  llsshr.o(.text)
    .text                                    0x0800022e   Section        0  memmovea.o(.text)
    .text                                    0x0800026e   Section        0  dadd.o(.text)
    .text                                    0x080003bc   Section        0  dmul.o(.text)
    .text                                    0x080004a0   Section        0  ddiv.o(.text)
    .text                                    0x08000580   Section       48  cdrcmple.o(.text)
    .text                                    0x080005b0   Section        0  uidiv.o(.text)
    .text                                    0x080005dc   Section        0  uldiv.o(.text)
    .text                                    0x0800063e   Section        0  llushr.o(.text)
    .text                                    0x0800065e   Section        0  iusefp.o(.text)
    .text                                    0x0800065e   Section        0  depilogue.o(.text)
    .text                                    0x08000718   Section        0  dfixul.o(.text)
    .text                                    0x08000748   Section       36  init.o(.text)
    .text                                    0x0800076c   Section        0  __dczerorl2.o(.text)
    i.BREEZE_Init                            0x080007c4   Section        0  breeze.o(i.BREEZE_Init)
    i.BusFault_Handler                       0x08000810   Section        0  stm32f4xx_it.o(i.BusFault_Handler)
    i.DMA1_Stream1_IRQHandler                0x08000814   Section        0  tfmini.o(i.DMA1_Stream1_IRQHandler)
    i.DMA1_Stream5_IRQHandler                0x080008f8   Section        0  tfmini.o(i.DMA1_Stream5_IRQHandler)
    i.DMA_ClearFlag                          0x080009d8   Section        0  stm32f4xx_dma.o(i.DMA_ClearFlag)
    i.DMA_ClearITPendingBit                  0x08000a0c   Section        0  stm32f4xx_dma.o(i.DMA_ClearITPendingBit)
    i.DMA_Cmd                                0x08000a40   Section        0  stm32f4xx_dma.o(i.DMA_Cmd)
    i.DMA_GetITStatus                        0x08000a58   Section        0  stm32f4xx_dma.o(i.DMA_GetITStatus)
    i.DebugMon_Handler                       0x08000abc   Section        0  stm32f4xx_it.o(i.DebugMon_Handler)
    i.EXTI15_10_IRQHandler                   0x08000ac0   Section        0  key.o(i.EXTI15_10_IRQHandler)
    i.EXTI2_IRQHandler                       0x08000afc   Section        0  key.o(i.EXTI2_IRQHandler)
    i.EXTI_ClearITPendingBit                 0x08000b34   Section        0  stm32f4xx_exti.o(i.EXTI_ClearITPendingBit)
    i.EXTI_GetITStatus                       0x08000b40   Section        0  stm32f4xx_exti.o(i.EXTI_GetITStatus)
    i.EXTI_Init                              0x08000b58   Section        0  stm32f4xx_exti.o(i.EXTI_Init)
    i.EncoderInit                            0x08000bec   Section        0  encoder.o(i.EncoderInit)
    i.GPIO_AF_Set                            0x08000c00   Section        0  sys.o(i.GPIO_AF_Set)
    i.GPIO_Init                              0x08000c40   Section        0  stm32f4xx_gpio.o(i.GPIO_Init)
    i.GPIO_PinAFConfig                       0x08000cd0   Section        0  stm32f4xx_gpio.o(i.GPIO_PinAFConfig)
    i.GPIO_Set                               0x08000d16   Section        0  sys.o(i.GPIO_Set)
    i.HardFault_Handler                      0x08000df4   Section        0  stm32f4xx_it.o(i.HardFault_Handler)
    i.I2C_AcknowledgeConfig                  0x08000df8   Section        0  stm32f4xx_i2c.o(i.I2C_AcknowledgeConfig)
    i.I2C_CheckEvent                         0x08000e10   Section        0  stm32f4xx_i2c.o(i.I2C_CheckEvent)
    i.I2C_Cmd                                0x08000e3a   Section        0  stm32f4xx_i2c.o(i.I2C_Cmd)
    i.I2C_Configuration                      0x08000e52   Section        0  i2c.o(i.I2C_Configuration)
    i.I2C_GPIO_Config                        0x08000e60   Section        0  i2c.o(i.I2C_GPIO_Config)
    I2C_GPIO_Config                          0x08000e61   Thumb Code    90  i2c.o(i.I2C_GPIO_Config)
    i.I2C_GenerateSTART                      0x08000ec0   Section        0  stm32f4xx_i2c.o(i.I2C_GenerateSTART)
    i.I2C_GenerateSTOP                       0x08000ed8   Section        0  stm32f4xx_i2c.o(i.I2C_GenerateSTOP)
    i.I2C_Init                               0x08000ef0   Section        0  stm32f4xx_i2c.o(i.I2C_Init)
    i.I2C_Mode_Configu                       0x08000fd8   Section        0  i2c.o(i.I2C_Mode_Configu)
    I2C_Mode_Configu                         0x08000fd9   Thumb Code    66  i2c.o(i.I2C_Mode_Configu)
    i.I2C_SAND_BUFFER                        0x08001024   Section        0  i2c.o(i.I2C_SAND_BUFFER)
    i.I2C_SAND_BYTE                          0x080010b4   Section        0  i2c.o(i.I2C_SAND_BYTE)
    i.I2C_Send7bitAddress                    0x08001130   Section        0  stm32f4xx_i2c.o(i.I2C_Send7bitAddress)
    i.I2C_SendData                           0x08001140   Section        0  stm32f4xx_i2c.o(i.I2C_SendData)
    i.Incremental_PI                         0x08001144   Section        0  control.o(i.Incremental_PI)
    i.KEY_Init                               0x080011b0   Section        0  key.o(i.KEY_Init)
    i.LED_Init                               0x0800123c   Section        0  led.o(i.LED_Init)
    i.MOTOR_Init                             0x080012a0   Section        0  motor.o(i.MOTOR_Init)
    i.MY_NVIC_Init                           0x080012b4   Section        0  sys.o(i.MY_NVIC_Init)
    i.MY_NVIC_PriorityGroupConfig            0x0800132c   Section        0  sys.o(i.MY_NVIC_PriorityGroupConfig)
    i.MY_NVIC_SetVectorTable                 0x08001354   Section        0  sys.o(i.MY_NVIC_SetVectorTable)
    i.MemManage_Handler                      0x08001364   Section        0  stm32f4xx_it.o(i.MemManage_Handler)
    i.Moter_PWM_Limit                        0x08001368   Section        0  motor.o(i.Moter_PWM_Limit)
    i.Motor1_PI                              0x08001380   Section        0  motor.o(i.Motor1_PI)
    i.Motor2_PI                              0x08001400   Section        0  motor.o(i.Motor2_PI)
    i.Motor3_PI                              0x08001480   Section        0  motor.o(i.Motor3_PI)
    i.Motor4_PI                              0x08001500   Section        0  motor.o(i.Motor4_PI)
    i.NMI_Handler                            0x08001580   Section        0  stm32f4xx_it.o(i.NMI_Handler)
    i.NVIC_Configuration                     0x08001582   Section        0  key.o(i.NVIC_Configuration)
    NVIC_Configuration                       0x08001583   Thumb Code    50  key.o(i.NVIC_Configuration)
    i.NVIC_Init                              0x080015b4   Section        0  misc.o(i.NVIC_Init)
    i.NVIC_PriorityGroupConfig               0x0800162c   Section        0  misc.o(i.NVIC_PriorityGroupConfig)
    i.OLED0561_Init                          0x08001640   Section        0  oled.o(i.OLED0561_Init)
    i.OLED_DISPLAY_8x16                      0x08001650   Section        0  oled.o(i.OLED_DISPLAY_8x16)
    i.OLED_DISPLAY_CLEAR                     0x080016ec   Section        0  oled.o(i.OLED_DISPLAY_CLEAR)
    i.OLED_DISPLAY_LIT                       0x08001730   Section        0  oled.o(i.OLED_DISPLAY_LIT)
    i.OLED_DISPLAY_OFF                       0x0800174c   Section        0  oled.o(i.OLED_DISPLAY_OFF)
    i.OLED_DISPLAY_ON                        0x08001768   Section        0  oled.o(i.OLED_DISPLAY_ON)
    i.OLED_DISPLAY_PIC1                      0x080017a4   Section        0  oled.o(i.OLED_DISPLAY_PIC1)
    i.OLED_SHOW                              0x080017f8   Section        0  oled.o(i.OLED_SHOW)
    i.PLAY_Init                              0x08001970   Section        0  play.o(i.PLAY_Init)
    i.PendSV_Handler                         0x08001a04   Section        0  stm32f4xx_it.o(i.PendSV_Handler)
    i.RCC_AHB1PeriphClockCmd                 0x08001a08   Section        0  stm32f4xx_rcc.o(i.RCC_AHB1PeriphClockCmd)
    i.RCC_APB1PeriphClockCmd                 0x08001a28   Section        0  stm32f4xx_rcc.o(i.RCC_APB1PeriphClockCmd)
    i.RCC_APB2PeriphClockCmd                 0x08001a48   Section        0  stm32f4xx_rcc.o(i.RCC_APB2PeriphClockCmd)
    i.RCC_GetClocksFreq                      0x08001a68   Section        0  stm32f4xx_rcc.o(i.RCC_GetClocksFreq)
    i.Read_Encoder                           0x08001b50   Section        0  encoder.o(i.Read_Encoder)
    i.SVC_Handler                            0x08001c2c   Section        0  stm32f4xx_it.o(i.SVC_Handler)
    i.SYSCFG_EXTILineConfig                  0x08001c30   Section        0  stm32f4xx_syscfg.o(i.SYSCFG_EXTILineConfig)
    i.Set_Pwm                                0x08001c70   Section        0  control.o(i.Set_Pwm)
    i.Stm32_Clock_Init                       0x08001cb0   Section        0  sys.o(i.Stm32_Clock_Init)
    i.SysTick_Handler                        0x08001d18   Section        0  stm32f4xx_it.o(i.SysTick_Handler)
    i.Sys_Clock_Set                          0x08001d1c   Section        0  sys.o(i.Sys_Clock_Set)
    i.TIM2_ENC_Init                          0x08001e28   Section        0  encoder.o(i.TIM2_ENC_Init)
    i.TIM3_ENC_Init                          0x08001ed0   Section        0  encoder.o(i.TIM3_ENC_Init)
    i.TIM3_IRQHandler                        0x08001f60   Section        0  control.o(i.TIM3_IRQHandler)
    i.TIM4_ENC_Init                          0x08001fb0   Section        0  encoder.o(i.TIM4_ENC_Init)
    i.TIM5_ENC_Init                          0x08002044   Section        0  encoder.o(i.TIM5_ENC_Init)
    i.TIM6_DAC_IRQHandler                    0x080020d4   Section        0  motor.o(i.TIM6_DAC_IRQHandler)
    i.TIM8_PWM_Init                          0x08002200   Section        0  motor.o(i.TIM8_PWM_Init)
    i.TIM_ARRPreloadConfig                   0x08002300   Section        0  stm32f4xx_tim.o(i.TIM_ARRPreloadConfig)
    i.TIM_ClearITPendingBit                  0x08002318   Section        0  stm32f4xx_tim.o(i.TIM_ClearITPendingBit)
    i.TIM_Cmd                                0x0800231e   Section        0  stm32f4xx_tim.o(i.TIM_Cmd)
    i.TIM_CtrlPWMOutputs                     0x08002336   Section        0  stm32f4xx_tim.o(i.TIM_CtrlPWMOutputs)
    i.TIM_EncoderInterfaceConfig             0x08002354   Section        0  stm32f4xx_tim.o(i.TIM_EncoderInterfaceConfig)
    i.TIM_GetFlagStatus                      0x08002396   Section        0  stm32f4xx_tim.o(i.TIM_GetFlagStatus)
    i.TIM_GetITStatus                        0x080023a8   Section        0  stm32f4xx_tim.o(i.TIM_GetITStatus)
    i.TIM_OC1Init                            0x080023cc   Section        0  stm32f4xx_tim.o(i.TIM_OC1Init)
    i.TIM_OC2Init                            0x08002448   Section        0  stm32f4xx_tim.o(i.TIM_OC2Init)
    i.TIM_OC3Init                            0x080024ec   Section        0  stm32f4xx_tim.o(i.TIM_OC3Init)
    i.TIM_OC4Init                            0x0800258c   Section        0  stm32f4xx_tim.o(i.TIM_OC4Init)
    i.TIM_TimeBaseInit                       0x08002604   Section        0  stm32f4xx_tim.o(i.TIM_TimeBaseInit)
    i.TIM_TimeBaseStructInit                 0x08002688   Section        0  stm32f4xx_tim.o(i.TIM_TimeBaseStructInit)
    i.USART1_IRQHandler                      0x0800269c   Section        0  usart.o(i.USART1_IRQHandler)
    i.USART2_IRQHandler                      0x0800271c   Section        0  tfmini.o(i.USART2_IRQHandler)
    i.USART3_IRQHandler                      0x08002858   Section        0  tfmini.o(i.USART3_IRQHandler)
    i.USART6_IRQHandler                      0x08002994   Section        0  usart.o(i.USART6_IRQHandler)
    i.USART6_Init                            0x08002a24   Section        0  usart.o(i.USART6_Init)
    i.USART_ClearFlag                        0x08002b00   Section        0  stm32f4xx_usart.o(i.USART_ClearFlag)
    i.USART_ClearITPendingBit                0x08002b12   Section        0  stm32f4xx_usart.o(i.USART_ClearITPendingBit)
    i.USART_Cmd                              0x08002b30   Section        0  stm32f4xx_usart.o(i.USART_Cmd)
    i.USART_DMACmd                           0x08002b48   Section        0  stm32f4xx_usart.o(i.USART_DMACmd)
    i.USART_GetFlagStatus                    0x08002b5a   Section        0  stm32f4xx_usart.o(i.USART_GetFlagStatus)
    i.USART_GetITStatus                      0x08002b74   Section        0  stm32f4xx_usart.o(i.USART_GetITStatus)
    i.USART_ITConfig                         0x08002bc8   Section        0  stm32f4xx_usart.o(i.USART_ITConfig)
    i.USART_Init                             0x08002c14   Section        0  stm32f4xx_usart.o(i.USART_Init)
    i.USART_ReceiveData                      0x08002ce8   Section        0  stm32f4xx_usart.o(i.USART_ReceiveData)
    i.USART_SendData                         0x08002cf2   Section        0  stm32f4xx_usart.o(i.USART_SendData)
    i.UsageFault_Handler                     0x08002cfa   Section        0  stm32f4xx_it.o(i.UsageFault_Handler)
    i.Xianfu_Pwm                             0x08002d00   Section        0  control.o(i.Xianfu_Pwm)
    i.__0printf                              0x08002d28   Section        0  printfa.o(i.__0printf)
    i.__scatterload_copy                     0x08002d48   Section       14  handlers.o(i.__scatterload_copy)
    i.__scatterload_null                     0x08002d56   Section        2  handlers.o(i.__scatterload_null)
    i.__scatterload_zeroinit                 0x08002d58   Section       14  handlers.o(i.__scatterload_zeroinit)
    i._fp_digits                             0x08002d68   Section        0  printfa.o(i._fp_digits)
    _fp_digits                               0x08002d69   Thumb Code   366  printfa.o(i._fp_digits)
    i._printf_core                           0x08002eec   Section        0  printfa.o(i._printf_core)
    _printf_core                             0x08002eed   Thumb Code  1744  printfa.o(i._printf_core)
    i._printf_post_padding                   0x080035c8   Section        0  printfa.o(i._printf_post_padding)
    _printf_post_padding                     0x080035c9   Thumb Code    36  printfa.o(i._printf_post_padding)
    i._printf_pre_padding                    0x080035ec   Section        0  printfa.o(i._printf_pre_padding)
    _printf_pre_padding                      0x080035ed   Thumb Code    46  printfa.o(i._printf_pre_padding)
    i.analyse                                0x0800361c   Section        0  analyse.o(i.analyse)
    i.delay_init                             0x080036dc   Section        0  delay.o(i.delay_init)
    i.delay_ms                               0x08003714   Section        0  delay.o(i.delay_ms)
    i.delay_xms                              0x0800374c   Section        0  delay.o(i.delay_xms)
    i.fputc                                  0x08003788   Section        0  main.o(i.fputc)
    i.main                                   0x080037ac   Section        0  main.o(i.main)
    i.myabs                                  0x080038a0   Section        0  control.o(i.myabs)
    i.uart_init                              0x080038b0   Section        0  usart.o(i.uart_init)
    .constdata                               0x080039b0   Section     2688  oled.o(.constdata)
    .data                                    0x20000000   Section       16  stm32f4xx_rcc.o(.data)
    APBAHBPrescTable                         0x20000000   Data          16  stm32f4xx_rcc.o(.data)
    .data                                    0x20000010   Section      230  main.o(.data)
    .data                                    0x200000f8   Section       16  control.o(.data)
    Bias                                     0x200000fc   Data           4  control.o(.data)
    Pwm                                      0x20000100   Data           4  control.o(.data)
    Last_bias                                0x20000104   Data           4  control.o(.data)
    .data                                    0x20000108   Section        4  delay.o(.data)
    fac_us                                   0x20000108   Data           1  delay.o(.data)
    fac_ms                                   0x2000010a   Data           2  delay.o(.data)
    .data                                    0x2000010c   Section        8  usart.o(.data)
    .data                                    0x20000114   Section       13  analyse.o(.data)
    state                                    0x20000120   Data           1  analyse.o(.data)
    .data                                    0x20000124   Section       68  motor.o(.data)
    TIM1_Period                              0x20000124   Data           2  motor.o(.data)
    TIM8_Period                              0x20000126   Data           2  motor.o(.data)
    Bias                                     0x20000138   Data           4  motor.o(.data)
    Pwm                                      0x2000013c   Data           4  motor.o(.data)
    Last_bias                                0x20000140   Data           4  motor.o(.data)
    Bias                                     0x20000144   Data           4  motor.o(.data)
    Pwm                                      0x20000148   Data           4  motor.o(.data)
    Last_bias                                0x2000014c   Data           4  motor.o(.data)
    Bias                                     0x20000150   Data           4  motor.o(.data)
    Pwm                                      0x20000154   Data           4  motor.o(.data)
    Last_bias                                0x20000158   Data           4  motor.o(.data)
    Bias                                     0x2000015c   Data           4  motor.o(.data)
    Pwm                                      0x20000160   Data           4  motor.o(.data)
    Last_bias                                0x20000164   Data           4  motor.o(.data)
    .data                                    0x20000168   Section       92  tfmini.o(.data)
    .bss                                     0x200001c4   Section       16  main.o(.bss)
    .bss                                     0x200001d4   Section      400  usart.o(.bss)
    .bss                                     0x20000364   Section       10  analyse.o(.bss)
    RxBuffer                                 0x20000364   Data          10  analyse.o(.bss)
    STACK                                    0x20000370   Section     2048  startup_stm32f429xx.o(STACK)

    Global Symbols

    Symbol Name                              Value     Ov Type        Size  Object(Section)

    BuildAttributes$$THM_ISAv4$E$P$D$K$B$S$7EM$VFPi3$EXTD16$VFPS$VFMA$PE$A:L22UL41UL21$X:L11$S22US41US21$IEEE1$IW$USESV6$~STKCKD$USESV7$~SHL$OTIME$ROPI$IEEEX$EBA8$MICROLIB$REQ8$PRES8$EABIv2 0x00000000   Number         0  anon$$obj.o ABSOLUTE
    __ARM_use_no_argv                        0x00000000   Number         0  main.o ABSOLUTE
    __use_no_errno                           0x00000000   Number         0  useno.o ABSOLUTE
    __use_no_exception_handling              0x00000000   Number         0  useno.o ABSOLUTE
    __use_no_fp                              0x00000000   Number         0  useno.o ABSOLUTE
    __use_no_heap                            0x00000000   Number         0  useno.o ABSOLUTE
    __use_no_heap_region                     0x00000000   Number         0  useno.o ABSOLUTE
    __use_no_semihosting                     0x00000000   Number         0  useno.o ABSOLUTE
    __use_no_semihosting_swi                 0x00000000   Number         0  useno.o ABSOLUTE
    __use_no_signal_handling                 0x00000000   Number         0  useno.o ABSOLUTE
    _printf_a                                0x00000000   Number         0  stubs.o ABSOLUTE
    _printf_c                                0x00000000   Number         0  stubs.o ABSOLUTE
    _printf_charcount                        0x00000000   Number         0  stubs.o ABSOLUTE
    _printf_d                                0x00000000   Number         0  stubs.o ABSOLUTE
    _printf_e                                0x00000000   Number         0  stubs.o ABSOLUTE
    _printf_f                                0x00000000   Number         0  stubs.o ABSOLUTE
    _printf_flags                            0x00000000   Number         0  stubs.o ABSOLUTE
    _printf_fp_dec                           0x00000000   Number         0  stubs.o ABSOLUTE
    _printf_fp_hex                           0x00000000   Number         0  stubs.o ABSOLUTE
    _printf_g                                0x00000000   Number         0  stubs.o ABSOLUTE
    _printf_i                                0x00000000   Number         0  stubs.o ABSOLUTE
    _printf_int_dec                          0x00000000   Number         0  stubs.o ABSOLUTE
    _printf_l                                0x00000000   Number         0  stubs.o ABSOLUTE
    _printf_lc                               0x00000000   Number         0  stubs.o ABSOLUTE
    _printf_ll                               0x00000000   Number         0  stubs.o ABSOLUTE
    _printf_lld                              0x00000000   Number         0  stubs.o ABSOLUTE
    _printf_lli                              0x00000000   Number         0  stubs.o ABSOLUTE
    _printf_llo                              0x00000000   Number         0  stubs.o ABSOLUTE
    _printf_llu                              0x00000000   Number         0  stubs.o ABSOLUTE
    _printf_llx                              0x00000000   Number         0  stubs.o ABSOLUTE
    _printf_longlong_dec                     0x00000000   Number         0  stubs.o ABSOLUTE
    _printf_longlong_hex                     0x00000000   Number         0  stubs.o ABSOLUTE
    _printf_longlong_oct                     0x00000000   Number         0  stubs.o ABSOLUTE
    _printf_ls                               0x00000000   Number         0  stubs.o ABSOLUTE
    _printf_mbtowc                           0x00000000   Number         0  stubs.o ABSOLUTE
    _printf_n                                0x00000000   Number         0  stubs.o ABSOLUTE
    _printf_o                                0x00000000   Number         0  stubs.o ABSOLUTE
    _printf_p                                0x00000000   Number         0  stubs.o ABSOLUTE
    _printf_percent                          0x00000000   Number         0  stubs.o ABSOLUTE
    _printf_pre_padding                      0x00000000   Number         0  stubs.o ABSOLUTE
    _printf_return_value                     0x00000000   Number         0  stubs.o ABSOLUTE
    _printf_s                                0x00000000   Number         0  stubs.o ABSOLUTE
    _printf_sizespec                         0x00000000   Number         0  stubs.o ABSOLUTE
    _printf_str                              0x00000000   Number         0  stubs.o ABSOLUTE
    _printf_truncate_signed                  0x00000000   Number         0  stubs.o ABSOLUTE
    _printf_truncate_unsigned                0x00000000   Number         0  stubs.o ABSOLUTE
    _printf_u                                0x00000000   Number         0  stubs.o ABSOLUTE
    _printf_wc                               0x00000000   Number         0  stubs.o ABSOLUTE
    _printf_wctomb                           0x00000000   Number         0  stubs.o ABSOLUTE
    _printf_widthprec                        0x00000000   Number         0  stubs.o ABSOLUTE
    _printf_x                                0x00000000   Number         0  stubs.o ABSOLUTE
    __cpp_initialize__aeabi_                  - Undefined Weak Reference
    __cxa_finalize                            - Undefined Weak Reference
    _clock_init                               - Undefined Weak Reference
    _microlib_exit                            - Undefined Weak Reference
    __Vectors_Size                           0x000001ac   Number         0  startup_stm32f429xx.o ABSOLUTE
    __Vectors                                0x08000000   Data           4  startup_stm32f429xx.o(RESET)
    __Vectors_End                            0x080001ac   Data           0  startup_stm32f429xx.o(RESET)
    __main                                   0x080001ad   Thumb Code     0  entry.o(.ARM.Collect$$$$00000000)
    _main_stk                                0x080001ad   Thumb Code     0  entry2.o(.ARM.Collect$$$$00000001)
    _main_scatterload                        0x080001b1   Thumb Code     0  entry5.o(.ARM.Collect$$$$00000004)
    __main_after_scatterload                 0x080001b5   Thumb Code     0  entry5.o(.ARM.Collect$$$$00000004)
    _main_clock                              0x080001b5   Thumb Code     0  entry7b.o(.ARM.Collect$$$$00000008)
    _main_cpp_init                           0x080001b5   Thumb Code     0  entry8b.o(.ARM.Collect$$$$0000000A)
    _main_init                               0x080001b5   Thumb Code     0  entry9a.o(.ARM.Collect$$$$0000000B)
    __rt_final_cpp                           0x080001bd   Thumb Code     0  entry10a.o(.ARM.Collect$$$$0000000D)
    __rt_final_exit                          0x080001bd   Thumb Code     0  entry11a.o(.ARM.Collect$$$$0000000F)
    Reset_Handler                            0x080001c1   Thumb Code    14  startup_stm32f429xx.o(.text)
    ADC_IRQHandler                           0x080001e1   Thumb Code     0  startup_stm32f429xx.o(.text)
    CAN1_RX0_IRQHandler                      0x080001e1   Thumb Code     0  startup_stm32f429xx.o(.text)
    CAN1_RX1_IRQHandler                      0x080001e1   Thumb Code     0  startup_stm32f429xx.o(.text)
    CAN1_SCE_IRQHandler                      0x080001e1   Thumb Code     0  startup_stm32f429xx.o(.text)
    CAN1_TX_IRQHandler                       0x080001e1   Thumb Code     0  startup_stm32f429xx.o(.text)
    CAN2_RX0_IRQHandler                      0x080001e1   Thumb Code     0  startup_stm32f429xx.o(.text)
    CAN2_RX1_IRQHandler                      0x080001e1   Thumb Code     0  startup_stm32f429xx.o(.text)
    CAN2_SCE_IRQHandler                      0x080001e1   Thumb Code     0  startup_stm32f429xx.o(.text)
    CAN2_TX_IRQHandler                       0x080001e1   Thumb Code     0  startup_stm32f429xx.o(.text)
    DCMI_IRQHandler                          0x080001e1   Thumb Code     0  startup_stm32f429xx.o(.text)
    DMA1_Stream0_IRQHandler                  0x080001e1   Thumb Code     0  startup_stm32f429xx.o(.text)
    DMA1_Stream2_IRQHandler                  0x080001e1   Thumb Code     0  startup_stm32f429xx.o(.text)
    DMA1_Stream3_IRQHandler                  0x080001e1   Thumb Code     0  startup_stm32f429xx.o(.text)
    DMA1_Stream4_IRQHandler                  0x080001e1   Thumb Code     0  startup_stm32f429xx.o(.text)
    DMA1_Stream6_IRQHandler                  0x080001e1   Thumb Code     0  startup_stm32f429xx.o(.text)
    DMA1_Stream7_IRQHandler                  0x080001e1   Thumb Code     0  startup_stm32f429xx.o(.text)
    DMA2D_IRQHandler                         0x080001e1   Thumb Code     0  startup_stm32f429xx.o(.text)
    DMA2_Stream0_IRQHandler                  0x080001e1   Thumb Code     0  startup_stm32f429xx.o(.text)
    DMA2_Stream1_IRQHandler                  0x080001e1   Thumb Code     0  startup_stm32f429xx.o(.text)
    DMA2_Stream2_IRQHandler                  0x080001e1   Thumb Code     0  startup_stm32f429xx.o(.text)
    DMA2_Stream3_IRQHandler                  0x080001e1   Thumb Code     0  startup_stm32f429xx.o(.text)
    DMA2_Stream4_IRQHandler                  0x080001e1   Thumb Code     0  startup_stm32f429xx.o(.text)
    DMA2_Stream5_IRQHandler                  0x080001e1   Thumb Code     0  startup_stm32f429xx.o(.text)
    DMA2_Stream6_IRQHandler                  0x080001e1   Thumb Code     0  startup_stm32f429xx.o(.text)
    DMA2_Stream7_IRQHandler                  0x080001e1   Thumb Code     0  startup_stm32f429xx.o(.text)
    ETH_IRQHandler                           0x080001e1   Thumb Code     0  startup_stm32f429xx.o(.text)
    ETH_WKUP_IRQHandler                      0x080001e1   Thumb Code     0  startup_stm32f429xx.o(.text)
    EXTI0_IRQHandler                         0x080001e1   Thumb Code     0  startup_stm32f429xx.o(.text)
    EXTI1_IRQHandler                         0x080001e1   Thumb Code     0  startup_stm32f429xx.o(.text)
    EXTI3_IRQHandler                         0x080001e1   Thumb Code     0  startup_stm32f429xx.o(.text)
    EXTI4_IRQHandler                         0x080001e1   Thumb Code     0  startup_stm32f429xx.o(.text)
    EXTI9_5_IRQHandler                       0x080001e1   Thumb Code     0  startup_stm32f429xx.o(.text)
    FLASH_IRQHandler                         0x080001e1   Thumb Code     0  startup_stm32f429xx.o(.text)
    FMC_IRQHandler                           0x080001e1   Thumb Code     0  startup_stm32f429xx.o(.text)
    FPU_IRQHandler                           0x080001e1   Thumb Code     0  startup_stm32f429xx.o(.text)
    HASH_RNG_IRQHandler                      0x080001e1   Thumb Code     0  startup_stm32f429xx.o(.text)
    I2C1_ER_IRQHandler                       0x080001e1   Thumb Code     0  startup_stm32f429xx.o(.text)
    I2C1_EV_IRQHandler                       0x080001e1   Thumb Code     0  startup_stm32f429xx.o(.text)
    I2C2_ER_IRQHandler                       0x080001e1   Thumb Code     0  startup_stm32f429xx.o(.text)
    I2C2_EV_IRQHandler                       0x080001e1   Thumb Code     0  startup_stm32f429xx.o(.text)
    I2C3_ER_IRQHandler                       0x080001e1   Thumb Code     0  startup_stm32f429xx.o(.text)
    I2C3_EV_IRQHandler                       0x080001e1   Thumb Code     0  startup_stm32f429xx.o(.text)
    LTDC_ER_IRQHandler                       0x080001e1   Thumb Code     0  startup_stm32f429xx.o(.text)
    LTDC_IRQHandler                          0x080001e1   Thumb Code     0  startup_stm32f429xx.o(.text)
    OTG_FS_IRQHandler                        0x080001e1   Thumb Code     0  startup_stm32f429xx.o(.text)
    OTG_FS_WKUP_IRQHandler                   0x080001e1   Thumb Code     0  startup_stm32f429xx.o(.text)
    OTG_HS_EP1_IN_IRQHandler                 0x080001e1   Thumb Code     0  startup_stm32f429xx.o(.text)
    OTG_HS_EP1_OUT_IRQHandler                0x080001e1   Thumb Code     0  startup_stm32f429xx.o(.text)
    OTG_HS_IRQHandler                        0x080001e1   Thumb Code     0  startup_stm32f429xx.o(.text)
    OTG_HS_WKUP_IRQHandler                   0x080001e1   Thumb Code     0  startup_stm32f429xx.o(.text)
    PVD_IRQHandler                           0x080001e1   Thumb Code     0  startup_stm32f429xx.o(.text)
    RCC_IRQHandler                           0x080001e1   Thumb Code     0  startup_stm32f429xx.o(.text)
    RTC_Alarm_IRQHandler                     0x080001e1   Thumb Code     0  startup_stm32f429xx.o(.text)
    RTC_WKUP_IRQHandler                      0x080001e1   Thumb Code     0  startup_stm32f429xx.o(.text)
    SAI1_IRQHandler                          0x080001e1   Thumb Code     0  startup_stm32f429xx.o(.text)
    SDIO_IRQHandler                          0x080001e1   Thumb Code     0  startup_stm32f429xx.o(.text)
    SPI1_IRQHandler                          0x080001e1   Thumb Code     0  startup_stm32f429xx.o(.text)
    SPI2_IRQHandler                          0x080001e1   Thumb Code     0  startup_stm32f429xx.o(.text)
    SPI3_IRQHandler                          0x080001e1   Thumb Code     0  startup_stm32f429xx.o(.text)
    SPI4_IRQHandler                          0x080001e1   Thumb Code     0  startup_stm32f429xx.o(.text)
    SPI5_IRQHandler                          0x080001e1   Thumb Code     0  startup_stm32f429xx.o(.text)
    SPI6_IRQHandler                          0x080001e1   Thumb Code     0  startup_stm32f429xx.o(.text)
    TAMP_STAMP_IRQHandler                    0x080001e1   Thumb Code     0  startup_stm32f429xx.o(.text)
    TIM1_BRK_TIM9_IRQHandler                 0x080001e1   Thumb Code     0  startup_stm32f429xx.o(.text)
    TIM1_CC_IRQHandler                       0x080001e1   Thumb Code     0  startup_stm32f429xx.o(.text)
    TIM1_TRG_COM_TIM11_IRQHandler            0x080001e1   Thumb Code     0  startup_stm32f429xx.o(.text)
    TIM1_UP_TIM10_IRQHandler                 0x080001e1   Thumb Code     0  startup_stm32f429xx.o(.text)
    TIM2_IRQHandler                          0x080001e1   Thumb Code     0  startup_stm32f429xx.o(.text)
    TIM4_IRQHandler                          0x080001e1   Thumb Code     0  startup_stm32f429xx.o(.text)
    TIM5_IRQHandler                          0x080001e1   Thumb Code     0  startup_stm32f429xx.o(.text)
    TIM7_IRQHandler                          0x080001e1   Thumb Code     0  startup_stm32f429xx.o(.text)
    TIM8_BRK_TIM12_IRQHandler                0x080001e1   Thumb Code     0  startup_stm32f429xx.o(.text)
    TIM8_CC_IRQHandler                       0x080001e1   Thumb Code     0  startup_stm32f429xx.o(.text)
    TIM8_TRG_COM_TIM14_IRQHandler            0x080001e1   Thumb Code     0  startup_stm32f429xx.o(.text)
    TIM8_UP_TIM13_IRQHandler                 0x080001e1   Thumb Code     0  startup_stm32f429xx.o(.text)
    UART4_IRQHandler                         0x080001e1   Thumb Code     0  startup_stm32f429xx.o(.text)
    UART5_IRQHandler                         0x080001e1   Thumb Code     0  startup_stm32f429xx.o(.text)
    UART7_IRQHandler                         0x080001e1   Thumb Code     0  startup_stm32f429xx.o(.text)
    UART8_IRQHandler                         0x080001e1   Thumb Code     0  startup_stm32f429xx.o(.text)
    WWDG_IRQHandler                          0x080001e1   Thumb Code     0  startup_stm32f429xx.o(.text)
    __aeabi_llsl                             0x080001ed   Thumb Code    30  llshl.o(.text)
    _ll_shift_l                              0x080001ed   Thumb Code     0  llshl.o(.text)
    __aeabi_lasr                             0x0800020b   Thumb Code    36  llsshr.o(.text)
    _ll_sshift_r                             0x0800020b   Thumb Code     0  llsshr.o(.text)
    ___aeabi_memcpy8$move                    0x0800022f   Thumb Code     0  memmovea.o(.text)
    __aeabi_memcpy                           0x0800022f   Thumb Code    64  memmovea.o(.text)
    __aeabi_memcpy4                          0x0800022f   Thumb Code     0  memmovea.o(.text)
    __aeabi_memmove                          0x0800022f   Thumb Code     0  memmovea.o(.text)
    __aeabi_memmove4                         0x0800022f   Thumb Code     0  memmovea.o(.text)
    __aeabi_memmove8                         0x0800022f   Thumb Code     0  memmovea.o(.text)
    __aeabi_dadd                             0x0800026f   Thumb Code   322  dadd.o(.text)
    __aeabi_dsub                             0x080003b1   Thumb Code     6  dadd.o(.text)
    __aeabi_drsub                            0x080003b7   Thumb Code     6  dadd.o(.text)
    __aeabi_dmul                             0x080003bd   Thumb Code   228  dmul.o(.text)
    __aeabi_ddiv                             0x080004a1   Thumb Code   222  ddiv.o(.text)
    __aeabi_cdrcmple                         0x08000581   Thumb Code    48  cdrcmple.o(.text)
    __aeabi_uidiv                            0x080005b1   Thumb Code     0  uidiv.o(.text)
    __aeabi_uidivmod                         0x080005b1   Thumb Code    44  uidiv.o(.text)
    __aeabi_uldivmod                         0x080005dd   Thumb Code    98  uldiv.o(.text)
    __aeabi_llsr                             0x0800063f   Thumb Code    32  llushr.o(.text)
    _ll_ushift_r                             0x0800063f   Thumb Code     0  llushr.o(.text)
    __I$use$fp                               0x0800065f   Thumb Code     0  iusefp.o(.text)
    _double_round                            0x0800065f   Thumb Code    30  depilogue.o(.text)
    _double_epilogue                         0x0800067d   Thumb Code   156  depilogue.o(.text)
    __aeabi_d2ulz                            0x08000719   Thumb Code    48  dfixul.o(.text)
    __scatterload                            0x08000749   Thumb Code    28  init.o(.text)
    __scatterload_rt2                        0x08000749   Thumb Code     0  init.o(.text)
    __decompress                             0x0800076d   Thumb Code     0  __dczerorl2.o(.text)
    __decompress1                            0x0800076d   Thumb Code    86  __dczerorl2.o(.text)
    BREEZE_Init                              0x080007c5   Thumb Code    58  breeze.o(i.BREEZE_Init)
    BusFault_Handler                         0x08000811   Thumb Code     4  stm32f4xx_it.o(i.BusFault_Handler)
    DMA1_Stream1_IRQHandler                  0x08000815   Thumb Code   182  tfmini.o(i.DMA1_Stream1_IRQHandler)
    DMA1_Stream5_IRQHandler                  0x080008f9   Thumb Code   180  tfmini.o(i.DMA1_Stream5_IRQHandler)
    DMA_ClearFlag                            0x080009d9   Thumb Code    38  stm32f4xx_dma.o(i.DMA_ClearFlag)
    DMA_ClearITPendingBit                    0x08000a0d   Thumb Code    38  stm32f4xx_dma.o(i.DMA_ClearITPendingBit)
    DMA_Cmd                                  0x08000a41   Thumb Code    22  stm32f4xx_dma.o(i.DMA_Cmd)
    DMA_GetITStatus                          0x08000a59   Thumb Code    82  stm32f4xx_dma.o(i.DMA_GetITStatus)
    DebugMon_Handler                         0x08000abd   Thumb Code     2  stm32f4xx_it.o(i.DebugMon_Handler)
    EXTI15_10_IRQHandler                     0x08000ac1   Thumb Code    50  key.o(i.EXTI15_10_IRQHandler)
    EXTI2_IRQHandler                         0x08000afd   Thumb Code    48  key.o(i.EXTI2_IRQHandler)
    EXTI_ClearITPendingBit                   0x08000b35   Thumb Code     6  stm32f4xx_exti.o(i.EXTI_ClearITPendingBit)
    EXTI_GetITStatus                         0x08000b41   Thumb Code    20  stm32f4xx_exti.o(i.EXTI_GetITStatus)
    EXTI_Init                                0x08000b59   Thumb Code   142  stm32f4xx_exti.o(i.EXTI_Init)
    EncoderInit                              0x08000bed   Thumb Code    20  encoder.o(i.EncoderInit)
    GPIO_AF_Set                              0x08000c01   Thumb Code    64  sys.o(i.GPIO_AF_Set)
    GPIO_Init                                0x08000c41   Thumb Code   144  stm32f4xx_gpio.o(i.GPIO_Init)
    GPIO_PinAFConfig                         0x08000cd1   Thumb Code    70  stm32f4xx_gpio.o(i.GPIO_PinAFConfig)
    GPIO_Set                                 0x08000d17   Thumb Code   222  sys.o(i.GPIO_Set)
    HardFault_Handler                        0x08000df5   Thumb Code     4  stm32f4xx_it.o(i.HardFault_Handler)
    I2C_AcknowledgeConfig                    0x08000df9   Thumb Code    24  stm32f4xx_i2c.o(i.I2C_AcknowledgeConfig)
    I2C_CheckEvent                           0x08000e11   Thumb Code    42  stm32f4xx_i2c.o(i.I2C_CheckEvent)
    I2C_Cmd                                  0x08000e3b   Thumb Code    24  stm32f4xx_i2c.o(i.I2C_Cmd)
    I2C_Configuration                        0x08000e53   Thumb Code    12  i2c.o(i.I2C_Configuration)
    I2C_GenerateSTART                        0x08000ec1   Thumb Code    24  stm32f4xx_i2c.o(i.I2C_GenerateSTART)
    I2C_GenerateSTOP                         0x08000ed9   Thumb Code    24  stm32f4xx_i2c.o(i.I2C_GenerateSTOP)
    I2C_Init                                 0x08000ef1   Thumb Code   218  stm32f4xx_i2c.o(i.I2C_Init)
    I2C_SAND_BUFFER                          0x08001025   Thumb Code   132  i2c.o(i.I2C_SAND_BUFFER)
    I2C_SAND_BYTE                            0x080010b5   Thumb Code   112  i2c.o(i.I2C_SAND_BYTE)
    I2C_Send7bitAddress                      0x08001131   Thumb Code    16  stm32f4xx_i2c.o(i.I2C_Send7bitAddress)
    I2C_SendData                             0x08001141   Thumb Code     4  stm32f4xx_i2c.o(i.I2C_SendData)
    Incremental_PI                           0x08001145   Thumb Code    96  control.o(i.Incremental_PI)
    KEY_Init                                 0x080011b1   Thumb Code   134  key.o(i.KEY_Init)
    LED_Init                                 0x0800123d   Thumb Code    78  led.o(i.LED_Init)
    MOTOR_Init                               0x080012a1   Thumb Code    14  motor.o(i.MOTOR_Init)
    MY_NVIC_Init                             0x080012b5   Thumb Code   116  sys.o(i.MY_NVIC_Init)
    MY_NVIC_PriorityGroupConfig              0x0800132d   Thumb Code    32  sys.o(i.MY_NVIC_PriorityGroupConfig)
    MY_NVIC_SetVectorTable                   0x08001355   Thumb Code    12  sys.o(i.MY_NVIC_SetVectorTable)
    MemManage_Handler                        0x08001365   Thumb Code     4  stm32f4xx_it.o(i.MemManage_Handler)
    Moter_PWM_Limit                          0x08001369   Thumb Code    20  motor.o(i.Moter_PWM_Limit)
    Motor1_PI                                0x08001381   Thumb Code   108  motor.o(i.Motor1_PI)
    Motor2_PI                                0x08001401   Thumb Code   108  motor.o(i.Motor2_PI)
    Motor3_PI                                0x08001481   Thumb Code   108  motor.o(i.Motor3_PI)
    Motor4_PI                                0x08001501   Thumb Code   108  motor.o(i.Motor4_PI)
    NMI_Handler                              0x08001581   Thumb Code     2  stm32f4xx_it.o(i.NMI_Handler)
    NVIC_Init                                0x080015b5   Thumb Code   106  misc.o(i.NVIC_Init)
    NVIC_PriorityGroupConfig                 0x0800162d   Thumb Code    10  misc.o(i.NVIC_PriorityGroupConfig)
    OLED0561_Init                            0x08001641   Thumb Code    16  oled.o(i.OLED0561_Init)
    OLED_DISPLAY_8x16                        0x08001651   Thumb Code   150  oled.o(i.OLED_DISPLAY_8x16)
    OLED_DISPLAY_CLEAR                       0x080016ed   Thumb Code    68  oled.o(i.OLED_DISPLAY_CLEAR)
    OLED_DISPLAY_LIT                         0x08001731   Thumb Code    26  oled.o(i.OLED_DISPLAY_LIT)
    OLED_DISPLAY_OFF                         0x0800174d   Thumb Code    22  oled.o(i.OLED_DISPLAY_OFF)
    OLED_DISPLAY_ON                          0x08001769   Thumb Code    30  oled.o(i.OLED_DISPLAY_ON)
    OLED_DISPLAY_PIC1                        0x080017a5   Thumb Code    78  oled.o(i.OLED_DISPLAY_PIC1)
    OLED_SHOW                                0x080017f9   Thumb Code   370  oled.o(i.OLED_SHOW)
    PLAY_Init                                0x08001971   Thumb Code   140  play.o(i.PLAY_Init)
    PendSV_Handler                           0x08001a05   Thumb Code     2  stm32f4xx_it.o(i.PendSV_Handler)
    RCC_AHB1PeriphClockCmd                   0x08001a09   Thumb Code    26  stm32f4xx_rcc.o(i.RCC_AHB1PeriphClockCmd)
    RCC_APB1PeriphClockCmd                   0x08001a29   Thumb Code    26  stm32f4xx_rcc.o(i.RCC_APB1PeriphClockCmd)
    RCC_APB2PeriphClockCmd                   0x08001a49   Thumb Code    26  stm32f4xx_rcc.o(i.RCC_APB2PeriphClockCmd)
    RCC_GetClocksFreq                        0x08001a69   Thumb Code   214  stm32f4xx_rcc.o(i.RCC_GetClocksFreq)
    Read_Encoder                             0x08001b51   Thumb Code   206  encoder.o(i.Read_Encoder)
    SVC_Handler                              0x08001c2d   Thumb Code     2  stm32f4xx_it.o(i.SVC_Handler)
    SYSCFG_EXTILineConfig                    0x08001c31   Thumb Code    60  stm32f4xx_syscfg.o(i.SYSCFG_EXTILineConfig)
    Set_Pwm                                  0x08001c71   Thumb Code    50  control.o(i.Set_Pwm)
    Stm32_Clock_Init                         0x08001cb1   Thumb Code    90  sys.o(i.Stm32_Clock_Init)
    SysTick_Handler                          0x08001d19   Thumb Code     2  stm32f4xx_it.o(i.SysTick_Handler)
    Sys_Clock_Set                            0x08001d1d   Thumb Code   254  sys.o(i.Sys_Clock_Set)
    TIM2_ENC_Init                            0x08001e29   Thumb Code   158  encoder.o(i.TIM2_ENC_Init)
    TIM3_ENC_Init                            0x08001ed1   Thumb Code   134  encoder.o(i.TIM3_ENC_Init)
    TIM3_IRQHandler                          0x08001f61   Thumb Code    62  control.o(i.TIM3_IRQHandler)
    TIM4_ENC_Init                            0x08001fb1   Thumb Code   134  encoder.o(i.TIM4_ENC_Init)
    TIM5_ENC_Init                            0x08002045   Thumb Code   132  encoder.o(i.TIM5_ENC_Init)
    TIM6_DAC_IRQHandler                      0x080020d5   Thumb Code   184  motor.o(i.TIM6_DAC_IRQHandler)
    TIM8_PWM_Init                            0x08002201   Thumb Code   244  motor.o(i.TIM8_PWM_Init)
    TIM_ARRPreloadConfig                     0x08002301   Thumb Code    24  stm32f4xx_tim.o(i.TIM_ARRPreloadConfig)
    TIM_ClearITPendingBit                    0x08002319   Thumb Code     6  stm32f4xx_tim.o(i.TIM_ClearITPendingBit)
    TIM_Cmd                                  0x0800231f   Thumb Code    24  stm32f4xx_tim.o(i.TIM_Cmd)
    TIM_CtrlPWMOutputs                       0x08002337   Thumb Code    30  stm32f4xx_tim.o(i.TIM_CtrlPWMOutputs)
    TIM_EncoderInterfaceConfig               0x08002355   Thumb Code    66  stm32f4xx_tim.o(i.TIM_EncoderInterfaceConfig)
    TIM_GetFlagStatus                        0x08002397   Thumb Code    18  stm32f4xx_tim.o(i.TIM_GetFlagStatus)
    TIM_GetITStatus                          0x080023a9   Thumb Code    34  stm32f4xx_tim.o(i.TIM_GetITStatus)
    TIM_OC1Init                              0x080023cd   Thumb Code   114  stm32f4xx_tim.o(i.TIM_OC1Init)
    TIM_OC2Init                              0x08002449   Thumb Code   154  stm32f4xx_tim.o(i.TIM_OC2Init)
    TIM_OC3Init                              0x080024ed   Thumb Code   150  stm32f4xx_tim.o(i.TIM_OC3Init)
    TIM_OC4Init                              0x0800258d   Thumb Code   112  stm32f4xx_tim.o(i.TIM_OC4Init)
    TIM_TimeBaseInit                         0x08002605   Thumb Code   104  stm32f4xx_tim.o(i.TIM_TimeBaseInit)
    TIM_TimeBaseStructInit                   0x08002689   Thumb Code    18  stm32f4xx_tim.o(i.TIM_TimeBaseStructInit)
    USART1_IRQHandler                        0x0800269d   Thumb Code   116  usart.o(i.USART1_IRQHandler)
    USART2_IRQHandler                        0x0800271d   Thumb Code   288  tfmini.o(i.USART2_IRQHandler)
    USART3_IRQHandler                        0x08002859   Thumb Code   288  tfmini.o(i.USART3_IRQHandler)
    USART6_IRQHandler                        0x08002995   Thumb Code   134  usart.o(i.USART6_IRQHandler)
    USART6_Init                              0x08002a25   Thumb Code   212  usart.o(i.USART6_Init)
    USART_ClearFlag                          0x08002b01   Thumb Code    18  stm32f4xx_usart.o(i.USART_ClearFlag)
    USART_ClearITPendingBit                  0x08002b13   Thumb Code    30  stm32f4xx_usart.o(i.USART_ClearITPendingBit)
    USART_Cmd                                0x08002b31   Thumb Code    24  stm32f4xx_usart.o(i.USART_Cmd)
    USART_DMACmd                             0x08002b49   Thumb Code    18  stm32f4xx_usart.o(i.USART_DMACmd)
    USART_GetFlagStatus                      0x08002b5b   Thumb Code    26  stm32f4xx_usart.o(i.USART_GetFlagStatus)
    USART_GetITStatus                        0x08002b75   Thumb Code    84  stm32f4xx_usart.o(i.USART_GetITStatus)
    USART_ITConfig                           0x08002bc9   Thumb Code    74  stm32f4xx_usart.o(i.USART_ITConfig)
    USART_Init                               0x08002c15   Thumb Code   204  stm32f4xx_usart.o(i.USART_Init)
    USART_ReceiveData                        0x08002ce9   Thumb Code    10  stm32f4xx_usart.o(i.USART_ReceiveData)
    USART_SendData                           0x08002cf3   Thumb Code     8  stm32f4xx_usart.o(i.USART_SendData)
    UsageFault_Handler                       0x08002cfb   Thumb Code     4  stm32f4xx_it.o(i.UsageFault_Handler)
    Xianfu_Pwm                               0x08002d01   Thumb Code    34  control.o(i.Xianfu_Pwm)
    __0printf                                0x08002d29   Thumb Code    22  printfa.o(i.__0printf)
    __1printf                                0x08002d29   Thumb Code     0  printfa.o(i.__0printf)
    __2printf                                0x08002d29   Thumb Code     0  printfa.o(i.__0printf)
    __c89printf                              0x08002d29   Thumb Code     0  printfa.o(i.__0printf)
    printf                                   0x08002d29   Thumb Code     0  printfa.o(i.__0printf)
    __scatterload_copy                       0x08002d49   Thumb Code    14  handlers.o(i.__scatterload_copy)
    __scatterload_null                       0x08002d57   Thumb Code     2  handlers.o(i.__scatterload_null)
    __scatterload_zeroinit                   0x08002d59   Thumb Code    14  handlers.o(i.__scatterload_zeroinit)
    analyse                                  0x0800361d   Thumb Code   170  analyse.o(i.analyse)
    delay_init                               0x080036dd   Thumb Code    46  delay.o(i.delay_init)
    delay_ms                                 0x08003715   Thumb Code    56  delay.o(i.delay_ms)
    delay_xms                                0x0800374d   Thumb Code    56  delay.o(i.delay_xms)
    fputc                                    0x08003789   Thumb Code    32  main.o(i.fputc)
    main                                     0x080037ad   Thumb Code   166  main.o(i.main)
    myabs                                    0x080038a1   Thumb Code    14  control.o(i.myabs)
    uart_init                                0x080038b1   Thumb Code   240  usart.o(i.uart_init)
    ASCII_8x16                               0x080039b0   Data        1536  oled.o(.constdata)
    GB_16                                    0x08003fb0   Data         128  oled.o(.constdata)
    PIC1                                     0x08004030   Data        1024  oled.o(.constdata)
    Region$$Table$$Base                      0x08004430   Number         0  anon$$obj.o(Region$$Table)
    Region$$Table$$Limit                     0x08004450   Number         0  anon$$obj.o(Region$$Table)
    flag_Stop                                0x20000010   Data           1  main.o(.data)
    moto                                     0x20000014   Data           4  main.o(.data)
    task_flag                                0x20000018   Data           4  main.o(.data)
    wuliao_flag                              0x2000001c   Data           4  main.o(.data)
    dir_flag                                 0x20000020   Data           4  main.o(.data)
    pro                                      0x20000024   Data          20  main.o(.data)
    open1                                    0x20000038   Data          38  main.o(.data)
    open2                                    0x2000005e   Data          38  main.o(.data)
    arr1                                     0x20000084   Data          30  main.o(.data)
    arr2                                     0x200000a2   Data          30  main.o(.data)
    suc1                                     0x200000c0   Data          27  main.o(.data)
    suc2                                     0x200000db   Data          27  main.o(.data)
    Target_velocity                          0x200000f8   Data           4  control.o(.data)
    __stdout                                 0x2000010c   Data           4  usart.o(.data)
    USART_RX_STA                             0x20000110   Data           2  usart.o(.data)
    USART6_RX_STA                            0x20000112   Data           2  usart.o(.data)
    sign                                     0x20000114   Data           4  analyse.o(.data)
    sign_x                                   0x20000118   Data           4  analyse.o(.data)
    sign_y                                   0x2000011c   Data           4  analyse.o(.data)
    Kp                                       0x20000128   Data           4  motor.o(.data)
    Ki                                       0x2000012c   Data           4  motor.o(.data)
    K_Speed_Move                             0x20000130   Data           4  motor.o(.data)
    K_Speed_Turn                             0x20000134   Data           4  motor.o(.data)
    USART3_RX_STA                            0x20000168   Data           2  tfmini.o(.data)
    USART2_RX_STA                            0x2000016a   Data           2  tfmini.o(.data)
    temp2_data                               0x2000016c   Data           1  tfmini.o(.data)
    TFmini2_low                              0x2000016d   Data           1  tfmini.o(.data)
    TFmini2_high                             0x2000016e   Data           1  tfmini.o(.data)
    flag2                                    0x2000016f   Data           1  tfmini.o(.data)
    distance2                                0x20000170   Data           1  tfmini.o(.data)
    lastdis2                                 0x20000171   Data           1  tfmini.o(.data)
    rx2_dis                                  0x20000172   Data          30  tfmini.o(.data)
    num2                                     0x20000190   Data           1  tfmini.o(.data)
    sum2                                     0x20000192   Data           2  tfmini.o(.data)
    Y                                        0x20000194   Data           4  tfmini.o(.data)
    temp3_data                               0x20000198   Data           1  tfmini.o(.data)
    TFmini3_low                              0x20000199   Data           1  tfmini.o(.data)
    TFmini3_high                             0x2000019a   Data           1  tfmini.o(.data)
    flag3                                    0x2000019b   Data           1  tfmini.o(.data)
    distance3                                0x2000019c   Data           1  tfmini.o(.data)
    lastdis3                                 0x2000019d   Data           1  tfmini.o(.data)
    rx3_dis                                  0x2000019e   Data          30  tfmini.o(.data)
    num3                                     0x200001bc   Data           1  tfmini.o(.data)
    sum3                                     0x200001be   Data           2  tfmini.o(.data)
    X                                        0x200001c0   Data           4  tfmini.o(.data)
    Encoder                                  0x200001c4   Data          16  main.o(.bss)
    USART_RX_BUF                             0x200001d4   Data         200  usart.o(.bss)
    USART6_RX_BUF                            0x2000029c   Data         200  usart.o(.bss)
    __initial_sp                             0x20000b70   Data           0  startup_stm32f429xx.o(STACK)



==============================================================================

Memory Map of the image

  Image Entry point : 0x080001ad

  Load Region LR_IROM1 (Base: 0x08000000, Size: 0x00004614, Max: 0x00100000, ABSOLUTE, COMPRESSED[0x000044d8])

    Execution Region ER_IROM1 (Exec base: 0x08000000, Load base: 0x08000000, Size: 0x00004450, Max: 0x00100000, ABSOLUTE)

    Exec Addr    Load Addr    Size         Type   Attr      Idx    E Section Name        Object

    0x08000000   0x08000000   0x000001ac   Data   RO            3    RESET               startup_stm32f429xx.o
    0x080001ac   0x080001ac   0x00000000   Code   RO         6890  * .ARM.Collect$$$$00000000  mc_w.l(entry.o)
    0x080001ac   0x080001ac   0x00000004   Code   RO         7246    .ARM.Collect$$$$00000001  mc_w.l(entry2.o)
    0x080001b0   0x080001b0   0x00000004   Code   RO         7249    .ARM.Collect$$$$00000004  mc_w.l(entry5.o)
    0x080001b4   0x080001b4   0x00000000   Code   RO         7251    .ARM.Collect$$$$00000008  mc_w.l(entry7b.o)
    0x080001b4   0x080001b4   0x00000000   Code   RO         7253    .ARM.Collect$$$$0000000A  mc_w.l(entry8b.o)
    0x080001b4   0x080001b4   0x00000008   Code   RO         7254    .ARM.Collect$$$$0000000B  mc_w.l(entry9a.o)
    0x080001bc   0x080001bc   0x00000000   Code   RO         7256    .ARM.Collect$$$$0000000D  mc_w.l(entry10a.o)
    0x080001bc   0x080001bc   0x00000000   Code   RO         7258    .ARM.Collect$$$$0000000F  mc_w.l(entry11a.o)
    0x080001bc   0x080001bc   0x00000004   Code   RO         7247    .ARM.Collect$$$$00002712  mc_w.l(entry2.o)
    0x080001c0   0x080001c0   0x0000002c   Code   RO            4    .text               startup_stm32f429xx.o
    0x080001ec   0x080001ec   0x0000001e   Code   RO         6895    .text               mc_w.l(llshl.o)
    0x0800020a   0x0800020a   0x00000024   Code   RO         6897    .text               mc_w.l(llsshr.o)
    0x0800022e   0x0800022e   0x00000040   Code   RO         6901    .text               mc_w.l(memmovea.o)
    0x0800026e   0x0800026e   0x0000014e   Code   RO         7172    .text               mf_w.l(dadd.o)
    0x080003bc   0x080003bc   0x000000e4   Code   RO         7174    .text               mf_w.l(dmul.o)
    0x080004a0   0x080004a0   0x000000de   Code   RO         7176    .text               mf_w.l(ddiv.o)
    0x0800057e   0x0800057e   0x00000002   PAD
    0x08000580   0x08000580   0x00000030   Code   RO         7190    .text               mf_w.l(cdrcmple.o)
    0x080005b0   0x080005b0   0x0000002c   Code   RO         7260    .text               mc_w.l(uidiv.o)
    0x080005dc   0x080005dc   0x00000062   Code   RO         7262    .text               mc_w.l(uldiv.o)
    0x0800063e   0x0800063e   0x00000020   Code   RO         7264    .text               mc_w.l(llushr.o)
    0x0800065e   0x0800065e   0x00000000   Code   RO         7273    .text               mc_w.l(iusefp.o)
    0x0800065e   0x0800065e   0x000000ba   Code   RO         7276    .text               mf_w.l(depilogue.o)
    0x08000718   0x08000718   0x00000030   Code   RO         7284    .text               mf_w.l(dfixul.o)
    0x08000748   0x08000748   0x00000024   Code   RO         7286    .text               mc_w.l(init.o)
    0x0800076c   0x0800076c   0x00000056   Code   RO         7298    .text               mc_w.l(__dczerorl2.o)
    0x080007c2   0x080007c2   0x00000002   PAD
    0x080007c4   0x080007c4   0x0000004c   Code   RO         4204    i.BREEZE_Init       breeze.o
    0x08000810   0x08000810   0x00000004   Code   RO         3223    i.BusFault_Handler  stm32f4xx_it.o
    0x08000814   0x08000814   0x000000e4   Code   RO         4266    i.DMA1_Stream1_IRQHandler  tfmini.o
    0x080008f8   0x080008f8   0x000000e0   Code   RO         4267    i.DMA1_Stream5_IRQHandler  tfmini.o
    0x080009d8   0x080009d8   0x00000034   Code   RO          629    i.DMA_ClearFlag     stm32f4xx_dma.o
    0x08000a0c   0x08000a0c   0x00000034   Code   RO          630    i.DMA_ClearITPendingBit  stm32f4xx_dma.o
    0x08000a40   0x08000a40   0x00000016   Code   RO          631    i.DMA_Cmd           stm32f4xx_dma.o
    0x08000a56   0x08000a56   0x00000002   PAD
    0x08000a58   0x08000a58   0x00000064   Code   RO          641    i.DMA_GetITStatus   stm32f4xx_dma.o
    0x08000abc   0x08000abc   0x00000002   Code   RO         3224    i.DebugMon_Handler  stm32f4xx_it.o
    0x08000abe   0x08000abe   0x00000002   PAD
    0x08000ac0   0x08000ac0   0x0000003c   Code   RO         3725    i.EXTI15_10_IRQHandler  key.o
    0x08000afc   0x08000afc   0x00000038   Code   RO         3726    i.EXTI2_IRQHandler  key.o
    0x08000b34   0x08000b34   0x0000000c   Code   RO          762    i.EXTI_ClearITPendingBit  stm32f4xx_exti.o
    0x08000b40   0x08000b40   0x00000018   Code   RO          766    i.EXTI_GetITStatus  stm32f4xx_exti.o
    0x08000b58   0x08000b58   0x00000094   Code   RO          767    i.EXTI_Init         stm32f4xx_exti.o
    0x08000bec   0x08000bec   0x00000014   Code   RO         4034    i.EncoderInit       encoder.o
    0x08000c00   0x08000c00   0x00000040   Code   RO         3402    i.GPIO_AF_Set       sys.o
    0x08000c40   0x08000c40   0x00000090   Code   RO         1269    i.GPIO_Init         stm32f4xx_gpio.o
    0x08000cd0   0x08000cd0   0x00000046   Code   RO         1270    i.GPIO_PinAFConfig  stm32f4xx_gpio.o
    0x08000d16   0x08000d16   0x000000de   Code   RO         3403    i.GPIO_Set          sys.o
    0x08000df4   0x08000df4   0x00000004   Code   RO         3225    i.HardFault_Handler  stm32f4xx_it.o
    0x08000df8   0x08000df8   0x00000018   Code   RO         1371    i.I2C_AcknowledgeConfig  stm32f4xx_i2c.o
    0x08000e10   0x08000e10   0x0000002a   Code   RO         1374    i.I2C_CheckEvent    stm32f4xx_i2c.o
    0x08000e3a   0x08000e3a   0x00000018   Code   RO         1377    i.I2C_Cmd           stm32f4xx_i2c.o
    0x08000e52   0x08000e52   0x0000000c   Code   RO         3565    i.I2C_Configuration  i2c.o
    0x08000e5e   0x08000e5e   0x00000002   PAD
    0x08000e60   0x08000e60   0x00000060   Code   RO         3566    i.I2C_GPIO_Config   i2c.o
    0x08000ec0   0x08000ec0   0x00000018   Code   RO         1385    i.I2C_GenerateSTART  stm32f4xx_i2c.o
    0x08000ed8   0x08000ed8   0x00000018   Code   RO         1386    i.I2C_GenerateSTOP  stm32f4xx_i2c.o
    0x08000ef0   0x08000ef0   0x000000e8   Code   RO         1392    i.I2C_Init          stm32f4xx_i2c.o
    0x08000fd8   0x08000fd8   0x0000004c   Code   RO         3567    i.I2C_Mode_Configu  i2c.o
    0x08001024   0x08001024   0x00000090   Code   RO         3570    i.I2C_SAND_BUFFER   i2c.o
    0x080010b4   0x080010b4   0x0000007c   Code   RO         3571    i.I2C_SAND_BYTE     i2c.o
    0x08001130   0x08001130   0x00000010   Code   RO         1399    i.I2C_Send7bitAddress  stm32f4xx_i2c.o
    0x08001140   0x08001140   0x00000004   Code   RO         1400    i.I2C_SendData      stm32f4xx_i2c.o
    0x08001144   0x08001144   0x0000006c   Code   RO         3298    i.Incremental_PI    control.o
    0x080011b0   0x080011b0   0x0000008c   Code   RO         3727    i.KEY_Init          key.o
    0x0800123c   0x0800123c   0x00000064   Code   RO         3659    i.LED_Init          led.o
    0x080012a0   0x080012a0   0x00000014   Code   RO         4091    i.MOTOR_Init        motor.o
    0x080012b4   0x080012b4   0x00000078   Code   RO         3406    i.MY_NVIC_Init      sys.o
    0x0800132c   0x0800132c   0x00000028   Code   RO         3407    i.MY_NVIC_PriorityGroupConfig  sys.o
    0x08001354   0x08001354   0x00000010   Code   RO         3408    i.MY_NVIC_SetVectorTable  sys.o
    0x08001364   0x08001364   0x00000004   Code   RO         3226    i.MemManage_Handler  stm32f4xx_it.o
    0x08001368   0x08001368   0x00000018   Code   RO         4092    i.Moter_PWM_Limit   motor.o
    0x08001380   0x08001380   0x00000080   Code   RO         4094    i.Motor1_PI         motor.o
    0x08001400   0x08001400   0x00000080   Code   RO         4095    i.Motor2_PI         motor.o
    0x08001480   0x08001480   0x00000080   Code   RO         4096    i.Motor3_PI         motor.o
    0x08001500   0x08001500   0x00000080   Code   RO         4097    i.Motor4_PI         motor.o
    0x08001580   0x08001580   0x00000002   Code   RO         3227    i.NMI_Handler       stm32f4xx_it.o
    0x08001582   0x08001582   0x00000032   Code   RO         3728    i.NVIC_Configuration  key.o
    0x080015b4   0x080015b4   0x00000078   Code   RO          164    i.NVIC_Init         misc.o
    0x0800162c   0x0800162c   0x00000014   Code   RO          165    i.NVIC_PriorityGroupConfig  misc.o
    0x08001640   0x08001640   0x00000010   Code   RO         3931    i.OLED0561_Init     oled.o
    0x08001650   0x08001650   0x0000009c   Code   RO         3933    i.OLED_DISPLAY_8x16  oled.o
    0x080016ec   0x080016ec   0x00000044   Code   RO         3935    i.OLED_DISPLAY_CLEAR  oled.o
    0x08001730   0x08001730   0x0000001a   Code   RO         3936    i.OLED_DISPLAY_LIT  oled.o
    0x0800174a   0x0800174a   0x00000002   PAD
    0x0800174c   0x0800174c   0x0000001c   Code   RO         3937    i.OLED_DISPLAY_OFF  oled.o
    0x08001768   0x08001768   0x0000003c   Code   RO         3938    i.OLED_DISPLAY_ON   oled.o
    0x080017a4   0x080017a4   0x00000054   Code   RO         3939    i.OLED_DISPLAY_PIC1  oled.o
    0x080017f8   0x080017f8   0x00000178   Code   RO         3940    i.OLED_SHOW         oled.o
    0x08001970   0x08001970   0x00000094   Code   RO         4342    i.PLAY_Init         play.o
    0x08001a04   0x08001a04   0x00000002   Code   RO         3228    i.PendSV_Handler    stm32f4xx_it.o
    0x08001a06   0x08001a06   0x00000002   PAD
    0x08001a08   0x08001a08   0x00000020   Code   RO         1598    i.RCC_AHB1PeriphClockCmd  stm32f4xx_rcc.o
    0x08001a28   0x08001a28   0x00000020   Code   RO         1607    i.RCC_APB1PeriphClockCmd  stm32f4xx_rcc.o
    0x08001a48   0x08001a48   0x00000020   Code   RO         1610    i.RCC_APB2PeriphClockCmd  stm32f4xx_rcc.o
    0x08001a68   0x08001a68   0x000000e8   Code   RO         1619    i.RCC_GetClocksFreq  stm32f4xx_rcc.o
    0x08001b50   0x08001b50   0x000000dc   Code   RO         4035    i.Read_Encoder      encoder.o
    0x08001c2c   0x08001c2c   0x00000002   Code   RO         3229    i.SVC_Handler       stm32f4xx_it.o
    0x08001c2e   0x08001c2e   0x00000002   PAD
    0x08001c30   0x08001c30   0x00000040   Code   RO         2297    i.SYSCFG_EXTILineConfig  stm32f4xx_syscfg.o
    0x08001c70   0x08001c70   0x00000040   Code   RO         3299    i.Set_Pwm           control.o
    0x08001cb0   0x08001cb0   0x00000068   Code   RO         3409    i.Stm32_Clock_Init  sys.o
    0x08001d18   0x08001d18   0x00000002   Code   RO         3230    i.SysTick_Handler   stm32f4xx_it.o
    0x08001d1a   0x08001d1a   0x00000002   PAD
    0x08001d1c   0x08001d1c   0x0000010c   Code   RO         3410    i.Sys_Clock_Set     sys.o
    0x08001e28   0x08001e28   0x000000a8   Code   RO         4036    i.TIM2_ENC_Init     encoder.o
    0x08001ed0   0x08001ed0   0x00000090   Code   RO         4037    i.TIM3_ENC_Init     encoder.o
    0x08001f60   0x08001f60   0x00000050   Code   RO         3300    i.TIM3_IRQHandler   control.o
    0x08001fb0   0x08001fb0   0x00000094   Code   RO         4038    i.TIM4_ENC_Init     encoder.o
    0x08002044   0x08002044   0x00000090   Code   RO         4039    i.TIM5_ENC_Init     encoder.o
    0x080020d4   0x080020d4   0x0000012c   Code   RO         4100    i.TIM6_DAC_IRQHandler  motor.o
    0x08002200   0x08002200   0x00000100   Code   RO         4104    i.TIM8_PWM_Init     motor.o
    0x08002300   0x08002300   0x00000018   Code   RO         2358    i.TIM_ARRPreloadConfig  stm32f4xx_tim.o
    0x08002318   0x08002318   0x00000006   Code   RO         2365    i.TIM_ClearITPendingBit  stm32f4xx_tim.o
    0x0800231e   0x0800231e   0x00000018   Code   RO         2370    i.TIM_Cmd           stm32f4xx_tim.o
    0x08002336   0x08002336   0x0000001e   Code   RO         2372    i.TIM_CtrlPWMOutputs  stm32f4xx_tim.o
    0x08002354   0x08002354   0x00000042   Code   RO         2379    i.TIM_EncoderInterfaceConfig  stm32f4xx_tim.o
    0x08002396   0x08002396   0x00000012   Code   RO         2390    i.TIM_GetFlagStatus  stm32f4xx_tim.o
    0x080023a8   0x080023a8   0x00000022   Code   RO         2391    i.TIM_GetITStatus   stm32f4xx_tim.o
    0x080023ca   0x080023ca   0x00000002   PAD
    0x080023cc   0x080023cc   0x0000007c   Code   RO         2399    i.TIM_OC1Init       stm32f4xx_tim.o
    0x08002448   0x08002448   0x000000a4   Code   RO         2404    i.TIM_OC2Init       stm32f4xx_tim.o
    0x080024ec   0x080024ec   0x000000a0   Code   RO         2409    i.TIM_OC3Init       stm32f4xx_tim.o
    0x0800258c   0x0800258c   0x00000078   Code   RO         2414    i.TIM_OC4Init       stm32f4xx_tim.o
    0x08002604   0x08002604   0x00000084   Code   RO         2442    i.TIM_TimeBaseInit  stm32f4xx_tim.o
    0x08002688   0x08002688   0x00000012   Code   RO         2443    i.TIM_TimeBaseStructInit  stm32f4xx_tim.o
    0x0800269a   0x0800269a   0x00000002   PAD
    0x0800269c   0x0800269c   0x00000080   Code   RO         3500    i.USART1_IRQHandler  usart.o
    0x0800271c   0x0800271c   0x0000013c   Code   RO         4271    i.USART2_IRQHandler  tfmini.o
    0x08002858   0x08002858   0x0000013c   Code   RO         4273    i.USART3_IRQHandler  tfmini.o
    0x08002994   0x08002994   0x00000090   Code   RO         3501    i.USART6_IRQHandler  usart.o
    0x08002a24   0x08002a24   0x000000dc   Code   RO         3502    i.USART6_Init       usart.o
    0x08002b00   0x08002b00   0x00000012   Code   RO         2920    i.USART_ClearFlag   stm32f4xx_usart.o
    0x08002b12   0x08002b12   0x0000001e   Code   RO         2921    i.USART_ClearITPendingBit  stm32f4xx_usart.o
    0x08002b30   0x08002b30   0x00000018   Code   RO         2924    i.USART_Cmd         stm32f4xx_usart.o
    0x08002b48   0x08002b48   0x00000012   Code   RO         2925    i.USART_DMACmd      stm32f4xx_usart.o
    0x08002b5a   0x08002b5a   0x0000001a   Code   RO         2927    i.USART_GetFlagStatus  stm32f4xx_usart.o
    0x08002b74   0x08002b74   0x00000054   Code   RO         2928    i.USART_GetITStatus  stm32f4xx_usart.o
    0x08002bc8   0x08002bc8   0x0000004a   Code   RO         2930    i.USART_ITConfig    stm32f4xx_usart.o
    0x08002c12   0x08002c12   0x00000002   PAD
    0x08002c14   0x08002c14   0x000000d4   Code   RO         2931    i.USART_Init        stm32f4xx_usart.o
    0x08002ce8   0x08002ce8   0x0000000a   Code   RO         2938    i.USART_ReceiveData  stm32f4xx_usart.o
    0x08002cf2   0x08002cf2   0x00000008   Code   RO         2941    i.USART_SendData    stm32f4xx_usart.o
    0x08002cfa   0x08002cfa   0x00000004   Code   RO         3231    i.UsageFault_Handler  stm32f4xx_it.o
    0x08002cfe   0x08002cfe   0x00000002   PAD
    0x08002d00   0x08002d00   0x00000028   Code   RO         3301    i.Xianfu_Pwm        control.o
    0x08002d28   0x08002d28   0x00000020   Code   RO         7144    i.__0printf         mc_w.l(printfa.o)
    0x08002d48   0x08002d48   0x0000000e   Code   RO         7292    i.__scatterload_copy  mc_w.l(handlers.o)
    0x08002d56   0x08002d56   0x00000002   Code   RO         7293    i.__scatterload_null  mc_w.l(handlers.o)
    0x08002d58   0x08002d58   0x0000000e   Code   RO         7294    i.__scatterload_zeroinit  mc_w.l(handlers.o)
    0x08002d66   0x08002d66   0x00000002   PAD
    0x08002d68   0x08002d68   0x00000184   Code   RO         7151    i._fp_digits        mc_w.l(printfa.o)
    0x08002eec   0x08002eec   0x000006dc   Code   RO         7152    i._printf_core      mc_w.l(printfa.o)
    0x080035c8   0x080035c8   0x00000024   Code   RO         7153    i._printf_post_padding  mc_w.l(printfa.o)
    0x080035ec   0x080035ec   0x0000002e   Code   RO         7154    i._printf_pre_padding  mc_w.l(printfa.o)
    0x0800361a   0x0800361a   0x00000002   PAD
    0x0800361c   0x0800361c   0x000000c0   Code   RO         3623    i.analyse           analyse.o
    0x080036dc   0x080036dc   0x00000038   Code   RO         3356    i.delay_init        delay.o
    0x08003714   0x08003714   0x00000038   Code   RO         3357    i.delay_ms          delay.o
    0x0800374c   0x0800374c   0x0000003c   Code   RO         3359    i.delay_xms         delay.o
    0x08003788   0x08003788   0x00000024   Code   RO         3112    i.fputc             main.o
    0x080037ac   0x080037ac   0x000000f4   Code   RO         3113    i.main              main.o
    0x080038a0   0x080038a0   0x0000000e   Code   RO         3302    i.myabs             control.o
    0x080038ae   0x080038ae   0x00000002   PAD
    0x080038b0   0x080038b0   0x00000100   Code   RO         3505    i.uart_init         usart.o
    0x080039b0   0x080039b0   0x00000a80   Data   RO         3943    .constdata          oled.o
    0x08004430   0x08004430   0x00000020   Data   RO         7290    Region$$Table       anon$$obj.o


    Execution Region RW_IRAM1 (Exec base: 0x20000000, Load base: 0x08004450, Size: 0x00000b70, Max: 0x00030000, ABSOLUTE, COMPRESSED[0x00000088])

    Exec Addr    Load Addr    Size         Type   Attr      Idx    E Section Name        Object

    0x20000000   COMPRESSED   0x00000010   Data   RW         1651    .data               stm32f4xx_rcc.o
    0x20000010   COMPRESSED   0x000000e6   Data   RW         3115    .data               main.o
    0x200000f6   COMPRESSED   0x00000002   PAD
    0x200000f8   COMPRESSED   0x00000010   Data   RW         3303    .data               control.o
    0x20000108   COMPRESSED   0x00000004   Data   RW         3360    .data               delay.o
    0x2000010c   COMPRESSED   0x00000008   Data   RW         3507    .data               usart.o
    0x20000114   COMPRESSED   0x0000000d   Data   RW         3625    .data               analyse.o
    0x20000121   COMPRESSED   0x00000003   PAD
    0x20000124   COMPRESSED   0x00000044   Data   RW         4106    .data               motor.o
    0x20000168   COMPRESSED   0x0000005c   Data   RW         4276    .data               tfmini.o
    0x200001c4        -       0x00000010   Zero   RW         3114    .bss                main.o
    0x200001d4        -       0x00000190   Zero   RW         3506    .bss                usart.o
    0x20000364        -       0x0000000a   Zero   RW         3624    .bss                analyse.o
    0x2000036e   COMPRESSED   0x00000002   PAD
    0x20000370        -       0x00000800   Zero   RW            1    STACK               startup_stm32f429xx.o


==============================================================================

Image component sizes


      Code (inc. data)   RO Data    RW Data    ZI Data      Debug   Object Name

       192         22          0         13         10        863   analyse.o
        76         18          0          0          0        470   breeze.o
       306         50          0         16          0       2940   control.o
       172         14          0          4          0       1764   delay.o
       844         60          0          0          0       3741   encoder.o
       452         40          0          0          0       3150   i2c.o
       306         24          0          0          0       1997   key.o
       100         22          0          0          0        455   led.o
       280         82          0        230         16       4295   main.o
       140         24          0          0          0       1627   misc.o
      1112        218          0         68          0       5759   motor.o
       814         54       2688          0          0       5213   oled.o
       148          8          0          0          0        608   play.o
        44         10        428          0       2048        812   startup_stm32f429xx.o
       226         46          0          0          0       3924   stm32f4xx_dma.o
       184         16          0          0          0       2212   stm32f4xx_exti.o
       214          0          0          0          0       1863   stm32f4xx_gpio.o
       390         14          0          0          0       5622   stm32f4xx_i2c.o
        26          0          0          0          0       3702   stm32f4xx_it.o
       328         36          0         16          0       4739   stm32f4xx_rcc.o
        64          4          0          0          0        672   stm32f4xx_syscfg.o
       920         66          0          0          0       9473   stm32f4xx_tim.o
       504          8          0          0          0       7584   stm32f4xx_usart.o
       834         44          0          0          0       4838   sys.o
         0          0          0          0          0     317060   system_stm32f4xx.o
      1084        146          0         92          0       5104   tfmini.o
       748         46          0          8        400       4622   usart.o

    ----------------------------------------------------------------------
     10532       1072       3148        452       2476     405109   Object Totals
         0          0         32          0          0          0   (incl. Generated)
        24          0          0          5          2          0   (incl. Padding)

    ----------------------------------------------------------------------

      Code (inc. data)   RO Data    RW Data    ZI Data      Debug   Library Member Name

        86          0          0          0          0          0   __dczerorl2.o
         0          0          0          0          0          0   entry.o
         0          0          0          0          0          0   entry10a.o
         0          0          0          0          0          0   entry11a.o
         8          4          0          0          0          0   entry2.o
         4          0          0          0          0          0   entry5.o
         0          0          0          0          0          0   entry7b.o
         0          0          0          0          0          0   entry8b.o
         8          4          0          0          0          0   entry9a.o
        30          0          0          0          0          0   handlers.o
        36          8          0          0          0         68   init.o
         0          0          0          0          0          0   iusefp.o
        30          0          0          0          0         68   llshl.o
        36          0          0          0          0         68   llsshr.o
        32          0          0          0          0         68   llushr.o
        64          0          0          0          0         76   memmovea.o
      2258         90          0          0          0        452   printfa.o
        44          0          0          0          0         80   uidiv.o
        98          0          0          0          0         92   uldiv.o
        48          0          0          0          0         68   cdrcmple.o
       334          0          0          0          0        148   dadd.o
       222          0          0          0          0        100   ddiv.o
       186          0          0          0          0        176   depilogue.o
        48          0          0          0          0         68   dfixul.o
       228          0          0          0          0         96   dmul.o

    ----------------------------------------------------------------------
      3808        106          0          0          0       1628   Library Totals
         8          0          0          0          0          0   (incl. Padding)

    ----------------------------------------------------------------------

      Code (inc. data)   RO Data    RW Data    ZI Data      Debug   Library Name

      2734        106          0          0          0        972   mc_w.l
      1066          0          0          0          0        656   mf_w.l

    ----------------------------------------------------------------------
      3808        106          0          0          0       1628   Library Totals

    ----------------------------------------------------------------------

==============================================================================


      Code (inc. data)   RO Data    RW Data    ZI Data      Debug   

     14340       1178       3148        452       2476     395189   Grand Totals
     14340       1178       3148        136       2476     395189   ELF Image Totals (compressed)
     14340       1178       3148        136          0          0   ROM Totals

==============================================================================

    Total RO  Size (Code + RO Data)                17488 (  17.08kB)
    Total RW  Size (RW Data + ZI Data)              2928 (   2.86kB)
    Total ROM Size (Code + RO Data + RW Data)      17624 (  17.21kB)

==============================================================================

