<html>
<body>
<pre>
<h1>µVision Build Log</h1>
<h2>Tool Versions:</h2>
IDE-Version: ¦ÌVision V5.30.0.0
Copyright (C) 2020 ARM Ltd and ARM Germany GmbH. All rights reserved.
License Information: 1 GAHO, 11, LIC=14HV2-9DSJ0-300NC-78QNT-NB0K4-C0ESP
 
Tool Versions:
Toolchain:       MDK-ARM Plus  Version: 5.30.0.0
Toolchain Path:  D:\Program Files\Keil_v5\ARM\ARMCC\Bin
C Compiler:      Armcc.exe V5.06 update 6 (build 750)
Assembler:       Armasm.exe V5.06 update 6 (build 750)
Linker/Locator:  ArmLink.exe V5.06 update 6 (build 750)
Library Manager: ArmAr.exe V5.06 update 6 (build 750)
Hex Converter:   FromElf.exe V5.06 update 6 (build 750)
CPU DLL:         SARMCM3.DLL V5.30.0.0
Dialog DLL:      DCM.DLL V1.17.3.0
Target DLL:      CMSIS_AGDI.dll V1.32.5.0
Dialog DLL:      TCM.DLL V1.42.0.0
 
<h2>Project:</h2>
E:\GGS2020\USER\GAHO.uvprojx
Project File Date:  11/22/2020

<h2>Output:</h2>
*** Using Compiler 'V5.06 update 6 (build 750)', folder: 'D:\Program Files\Keil_v5\ARM\ARMCC\Bin'
Build target 'Target 1'
compiling key.c...
compiling main.c...
main.c(41): warning:  #177-D: variable "open1"  was declared but never referenced
  	char open1[38] = {0xc9,0xa8,0xc3,0xe8,0xcd,0xea,0xb3,0xc9,0xa3,0xac,0xc7,0xeb,0xd7,0xb0,0xc8,0xeb,0x31,0xba,0xc5,0xce,0xef,0xc1,0xcf,0xa3,0xac,0xb2,0xa2,0xb9,0xd8,0xb1,0xd5,0xb2,0xd6,0xc3,0xc5};
main.c(42): warning:  #177-D: variable "open2"  was declared but never referenced
  	char open2[38] ={0xc9,0xa8,0xc3,0xe8,0xcd,0xea,0xb3,0xc9,0xa3,0xac,0xc7,0xeb,0xd7,0xb0,0xc8,0xeb,0x32,0xba,0xc5,0xce,0xef,0xc1,0xcf,0xa3,0xac,0xb2,0xa2,0xb9,0xd8,0xb1,0xd5,0xb2,0xd6,0xc3,0xc5};
main.c(43): warning:  #177-D: variable "arr1"  was declared but never referenced
  	char arr1[30] = {0xb5,0xbd,0xb4,0xef,0x31,0xba,0xc5,0xca,0xd5,0xbb,0xf5,0xb5,0xe3,0xa3,0xac,0xc7,0xeb,0xb3,0xf6,0xca,0xbe,0xcc,0xe1,0xbb,0xf5,0xc2,0xeb};
main.c(44): warning:  #177-D: variable "arr2"  was declared but never referenced
  	char arr2[30] = {0xb5,0xbd,0xb4,0xef,0x32,0xba,0xc5,0xca,0xd5,0xbb,0xf5,0xb5,0xe3,0xa3,0xac,0xc7,0xeb,0xb3,0xf6,0xca,0xbe,0xcc,0xe1,0xbb,0xf5,0xc2,0xeb};
main.c(45): warning:  #177-D: variable "suc1"  was declared but never referenced
  	char suc1[27] = {0xc7,0xeb,0xc8,0xa1,0xb3,0xf6,0x31,0xba,0xc5,0xce,0xef,0xc1,0xcf,0xa3,0xac,0xb2,0xa2,0xb9,0xd8,0xb1,0xd5,0xb2,0xd6,0xc3,0xc5};
main.c(46): warning:  #177-D: variable "suc2"  was declared but never referenced
  	char suc2[27] = {0xc7,0xeb,0xc8,0xa1,0xb3,0xf6,0x32,0xba,0xc5,0xce,0xef,0xc1,0xcf,0xa3,0xac,0xb2,0xa2,0xb9,0xd8,0xb1,0xd5,0xb2,0xd6,0xc3,0xc5};
main.c: 6 warnings, 0 errors
linking...
Program Size: Code=12656 RO-data=3368 RW-data=156 ZI-data=2364  
FromELF: creating hex file...
"..\OBJ\GAHO.axf" - 0 Error(s), 6 Warning(s).

<h2>Software Packages used:</h2>

Package Vendor: Keil
                http://www.keil.com/pack/Keil.STM32F4xx_DFP.2.11.0.pack
                Keil.STM32F4xx_DFP.2.11.0
                STMicroelectronics STM32F4 Series Device Support, Drivers and Examples

<h2>Collection of Component include folders:</h2>
  .\RTE\_Target_1
  C:\Users\GAHO\AppData\Local\Arm\Packs\Keil\STM32F4xx_DFP\2.11.0\Drivers\CMSIS\Device\ST\STM32F4xx\Include

<h2>Collection of Component Files used:</h2>
Build Time Elapsed:  00:00:02
</pre>
</body>
</html>
